Component: ARM Compiler 5.06 update 7 (build 960) Tool: armlink [4d3601]

==============================================================================

Section Cross References

    startup_stm32l476xx.o(STACK) refers (Special) to heapauxi.o(.text) for __use_two_region_memory
    startup_stm32l476xx.o(HEAP) refers (Special) to heapauxi.o(.text) for __use_two_region_memory
    startup_stm32l476xx.o(RESET) refers (Special) to heapauxi.o(.text) for __use_two_region_memory
    startup_stm32l476xx.o(RESET) refers to startup_stm32l476xx.o(STACK) for __initial_sp
    startup_stm32l476xx.o(RESET) refers to startup_stm32l476xx.o(.text) for Reset_Handler
    startup_stm32l476xx.o(RESET) refers to stm32l4xx_it.o(i.NMI_Handler) for NMI_Handler
    startup_stm32l476xx.o(RESET) refers to stm32l4xx_it.o(i.HardFault_Handler) for HardFault_Handler
    startup_stm32l476xx.o(RESET) refers to stm32l4xx_it.o(i.MemManage_Handler) for MemManage_Handler
    startup_stm32l476xx.o(RESET) refers to stm32l4xx_it.o(i.BusFault_Handler) for BusFault_Handler
    startup_stm32l476xx.o(RESET) refers to stm32l4xx_it.o(i.UsageFault_Handler) for UsageFault_Handler
    startup_stm32l476xx.o(RESET) refers to stm32l4xx_it.o(i.SVC_Handler) for SVC_Handler
    startup_stm32l476xx.o(RESET) refers to stm32l4xx_it.o(i.DebugMon_Handler) for DebugMon_Handler
    startup_stm32l476xx.o(RESET) refers to stm32l4xx_it.o(i.PendSV_Handler) for PendSV_Handler
    startup_stm32l476xx.o(RESET) refers to stm32l4xx_it.o(i.SysTick_Handler) for SysTick_Handler
    startup_stm32l476xx.o(RESET) refers to stm32l4xx_it.o(i.I2C1_EV_IRQHandler) for I2C1_EV_IRQHandler
    startup_stm32l476xx.o(RESET) refers to stm32l4xx_it.o(i.I2C1_ER_IRQHandler) for I2C1_ER_IRQHandler
    startup_stm32l476xx.o(RESET) refers to stm32l4xx_it.o(i.TIM6_DAC_IRQHandler) for TIM6_DAC_IRQHandler
    startup_stm32l476xx.o(.text) refers (Special) to heapauxi.o(.text) for __use_two_region_memory
    startup_stm32l476xx.o(.text) refers to system_stm32l4xx.o(i.SystemInit) for SystemInit
    startup_stm32l476xx.o(.text) refers to __main.o(!!!main) for __main
    startup_stm32l476xx.o(.text) refers to startup_stm32l476xx.o(HEAP) for Heap_Mem
    startup_stm32l476xx.o(.text) refers to startup_stm32l476xx.o(STACK) for Stack_Mem
    main.o(i.MX_DAC1_Init) refers to rt_memclr_w.o(.text) for __aeabi_memclr4
    main.o(i.MX_DAC1_Init) refers to stm32l4xx_hal_dac.o(i.HAL_DAC_Init) for HAL_DAC_Init
    main.o(i.MX_DAC1_Init) refers to stm32l4xx_hal_dac.o(i.HAL_DAC_ConfigChannel) for HAL_DAC_ConfigChannel
    main.o(i.MX_DAC1_Init) refers to stm32l4xx_hal_dac_ex.o(i.HAL_DACEx_TriangleWaveGenerate) for HAL_DACEx_TriangleWaveGenerate
    main.o(i.MX_DAC1_Init) refers to stm32l4xx_hal_dac_ex.o(i.HAL_DACEx_NoiseWaveGenerate) for HAL_DACEx_NoiseWaveGenerate
    main.o(i.MX_DAC1_Init) refers to stm32l4xx_hal_dac.o(i.HAL_DAC_Start) for HAL_DAC_Start
    main.o(i.MX_DAC1_Init) refers to main.o(.bss) for .bss
    main.o(i.MX_GPIO_Init) refers to rt_memclr_w.o(.text) for __aeabi_memclr4
    main.o(i.MX_GPIO_Init) refers to stm32l4xx_hal_gpio.o(i.HAL_GPIO_WritePin) for HAL_GPIO_WritePin
    main.o(i.MX_GPIO_Init) refers to stm32l4xx_hal_gpio.o(i.HAL_GPIO_Init) for HAL_GPIO_Init
    main.o(i.MX_I2C1_Init) refers to stm32l4xx_hal_i2c.o(i.HAL_I2C_Init) for HAL_I2C_Init
    main.o(i.MX_I2C1_Init) refers to stm32l4xx_hal_i2c_ex.o(i.HAL_I2CEx_ConfigAnalogFilter) for HAL_I2CEx_ConfigAnalogFilter
    main.o(i.MX_I2C1_Init) refers to stm32l4xx_hal_i2c_ex.o(i.HAL_I2CEx_ConfigDigitalFilter) for HAL_I2CEx_ConfigDigitalFilter
    main.o(i.MX_I2C1_Init) refers to main.o(.bss) for .bss
    main.o(i.MX_SAI1_Init) refers to stm32l4xx_hal_sai.o(i.HAL_SAI_Init) for HAL_SAI_Init
    main.o(i.MX_SAI1_Init) refers to main.o(.bss) for .bss
    main.o(i.SAI_PASSTHROUGH_INIT) refers to stm32l4xx_hal_i2c.o(i.HAL_I2C_Master_Transmit) for HAL_I2C_Master_Transmit
    main.o(i.SAI_PASSTHROUGH_INIT) refers to main.o(.bss) for .bss
    main.o(i.SystemClock_Config) refers to rt_memclr_w.o(.text) for __aeabi_memclr4
    main.o(i.SystemClock_Config) refers to stm32l4xx_hal_pwr_ex.o(i.HAL_PWREx_ControlVoltageScaling) for HAL_PWREx_ControlVoltageScaling
    main.o(i.SystemClock_Config) refers to stm32l4xx_hal_rcc.o(i.HAL_RCC_OscConfig) for HAL_RCC_OscConfig
    main.o(i.SystemClock_Config) refers to stm32l4xx_hal_rcc.o(i.HAL_RCC_ClockConfig) for HAL_RCC_ClockConfig
    main.o(i.main) refers to stm32l4xx_hal.o(i.HAL_Init) for HAL_Init
    main.o(i.main) refers to main.o(i.SystemClock_Config) for SystemClock_Config
    main.o(i.main) refers to main.o(i.MX_GPIO_Init) for MX_GPIO_Init
    main.o(i.main) refers to main.o(i.MX_DAC1_Init) for MX_DAC1_Init
    main.o(i.main) refers to main.o(i.MX_I2C1_Init) for MX_I2C1_Init
    main.o(i.main) refers to main.o(i.MX_SAI1_Init) for MX_SAI1_Init
    main.o(i.main) refers to stm32l4xx_hal_tim.o(i.HAL_TIM_Base_Init) for HAL_TIM_Base_Init
[...]
    Removing stm32l4xx_hal_tim_ex.o(i.HAL_TIMEx_HallSensor_Stop), (64 bytes).
    Removing stm32l4xx_hal_tim_ex.o(i.HAL_TIMEx_HallSensor_Stop_DMA), (72 bytes).
    Removing stm32l4xx_hal_tim_ex.o(i.HAL_TIMEx_HallSensor_Stop_IT), (74 bytes).
    Removing stm32l4xx_hal_tim_ex.o(i.HAL_TIMEx_OCN_Start), (212 bytes).
    Removing stm32l4xx_hal_tim_ex.o(i.HAL_TIMEx_OCN_Start_DMA), (428 bytes).
    Removing stm32l4xx_hal_tim_ex.o(i.HAL_TIMEx_OCN_Start_IT), (264 bytes).
    Removing stm32l4xx_hal_tim_ex.o(i.HAL_TIMEx_OCN_Stop), (106 bytes).
    Removing stm32l4xx_hal_tim_ex.o(i.HAL_TIMEx_OCN_Stop_DMA), (168 bytes).
    Removing stm32l4xx_hal_tim_ex.o(i.HAL_TIMEx_OCN_Stop_IT), (166 bytes).
    Removing stm32l4xx_hal_tim_ex.o(i.HAL_TIMEx_OnePulseN_Start), (104 bytes).
    Removing stm32l4xx_hal_tim_ex.o(i.HAL_TIMEx_OnePulseN_Start_IT), (128 bytes).
    Removing stm32l4xx_hal_tim_ex.o(i.HAL_TIMEx_OnePulseN_Stop), (106 bytes).
    Removing stm32l4xx_hal_tim_ex.o(i.HAL_TIMEx_OnePulseN_Stop_IT), (126 bytes).
    Removing stm32l4xx_hal_tim_ex.o(i.HAL_TIMEx_PWMN_Start), (212 bytes).
    Removing stm32l4xx_hal_tim_ex.o(i.HAL_TIMEx_PWMN_Start_DMA), (428 bytes).
    Removing stm32l4xx_hal_tim_ex.o(i.HAL_TIMEx_PWMN_Start_IT), (264 bytes).
    Removing stm32l4xx_hal_tim_ex.o(i.HAL_TIMEx_PWMN_Stop), (106 bytes).
    Removing stm32l4xx_hal_tim_ex.o(i.HAL_TIMEx_PWMN_Stop_DMA), (168 bytes).
    Removing stm32l4xx_hal_tim_ex.o(i.HAL_TIMEx_PWMN_Stop_IT), (166 bytes).
    Removing stm32l4xx_hal_tim_ex.o(i.HAL_TIMEx_RemapConfig), (90 bytes).
    Removing stm32l4xx_hal_tim_ex.o(i.TIMEx_DMACommutationCplt), (16 bytes).
    Removing stm32l4xx_hal_tim_ex.o(i.TIMEx_DMACommutationHalfCplt), (16 bytes).
    Removing stm32l4xx_hal_tim_ex.o(i.TIM_CCxNChannelCmd), (30 bytes).
    Removing stm32l4xx_hal_tim_ex.o(i.TIM_DMADelayPulseNCplt), (94 bytes).
    Removing stm32l4xx_hal_tim_ex.o(i.TIM_DMAErrorCCxN), (62 bytes).
    Removing system_stm32l4xx.o(.rev16_text), (4 bytes).
    Removing system_stm32l4xx.o(.revsh_text), (4 bytes).
    Removing system_stm32l4xx.o(.rrx_text), (6 bytes).
    Removing system_stm32l4xx.o(i.SystemCoreClockUpdate), (204 bytes).

556 unused section(s) (total 45640 bytes) removed from the image.

==============================================================================

Image Symbol Table

    Local Symbols

    Symbol Name                              Value     Ov Type        Size  Object(Section)

    ../Core/Src/main.c                       0x00000000   Number         0  main.o ABSOLUTE
    ../Core/Src/stm32l4xx_hal_msp.c          0x00000000   Number         0  stm32l4xx_hal_msp.o ABSOLUTE
    ../Core/Src/stm32l4xx_it.c               0x00000000   Number         0  stm32l4xx_it.o ABSOLUTE
    ../Core/Src/system_stm32l4xx.c           0x00000000   Number         0  system_stm32l4xx.o ABSOLUTE
    ../Drivers/STM32L4xx_HAL_Driver/Src/stm32l4xx_hal.c 0x00000000   Number         0  stm32l4xx_hal.o ABSOLUTE
    ../Drivers/STM32L4xx_HAL_Driver/Src/stm32l4xx_hal_cortex.c 0x00000000   Number         0  stm32l4xx_hal_cortex.o ABSOLUTE
    ../Drivers/STM32L4xx_HAL_Driver/Src/stm32l4xx_hal_dac.c 0x00000000   Number         0  stm32l4xx_hal_dac.o ABSOLUTE
    ../Drivers/STM32L4xx_HAL_Driver/Src/stm32l4xx_hal_dac_ex.c 0x00000000   Number         0  stm32l4xx_hal_dac_ex.o ABSOLUTE
    ../Drivers/STM32L4xx_HAL_Driver/Src/stm32l4xx_hal_dma.c 0x00000000   Number         0  stm32l4xx_hal_dma.o ABSOLUTE
    ../Drivers/STM32L4xx_HAL_Driver/Src/stm32l4xx_hal_dma_ex.c 0x00000000   Number         0  stm32l4xx_hal_dma_ex.o ABSOLUTE
    ../Drivers/STM32L4xx_HAL_Driver/Src/stm32l4xx_hal_exti.c 0x00000000   Number         0  stm32l4xx_hal_exti.o ABSOLUTE
    ../Drivers/STM32L4xx_HAL_Driver/Src/stm32l4xx_hal_flash.c 0x00000000   Number         0  stm32l4xx_hal_flash.o ABSOLUTE
    ../Drivers/STM32L4xx_HAL_Driver/Src/stm32l4xx_hal_flash_ex.c 0x00000000   Number         0  stm32l4xx_hal_flash_ex.o ABSOLUTE
    ../Drivers/STM32L4xx_HAL_Driver/Src/stm32l4xx_hal_flash_ramfunc.c 0x00000000   Number         0  stm32l4xx_hal_flash_ramfunc.o ABSOLUTE
    ../Drivers/STM32L4xx_HAL_Driver/Src/stm32l4xx_hal_gpio.c 0x00000000   Number         0  stm32l4xx_hal_gpio.o ABSOLUTE
    ../Drivers/STM32L4xx_HAL_Driver/Src/stm32l4xx_hal_i2c.c 0x00000000   Number         0  stm32l4xx_hal_i2c.o ABSOLUTE
    ../Drivers/STM32L4xx_HAL_Driver/Src/stm32l4xx_hal_i2c_ex.c 0x00000000   Number         0  stm32l4xx_hal_i2c_ex.o ABSOLUTE
    ../Drivers/STM32L4xx_HAL_Driver/Src/stm32l4xx_hal_pwr.c 0x00000000   Number         0  stm32l4xx_hal_pwr.o ABSOLUTE
    ../Drivers/STM32L4xx_HAL_Driver/Src/stm32l4xx_hal_pwr_ex.c 0x00000000   Number         0  stm32l4xx_hal_pwr_ex.o ABSOLUTE
    ../Drivers/STM32L4xx_HAL_Driver/Src/stm32l4xx_hal_rcc.c 0x00000000   Number         0  stm32l4xx_hal_rcc.o ABSOLUTE
    ../Drivers/STM32L4xx_HAL_Driver/Src/stm32l4xx_hal_rcc_ex.c 0x00000000   Number         0  stm32l4xx_hal_rcc_ex.o ABSOLUTE
    ../Drivers/STM32L4xx_HAL_Driver/Src/stm32l4xx_hal_sai.c 0x00000000   Number         0  stm32l4xx_hal_sai.o ABSOLUTE
    ../Drivers/STM32L4xx_HAL_Driver/Src/stm32l4xx_hal_sai_ex.c 0x00000000   Number         0  stm32l4xx_hal_sai_ex.o ABSOLUTE
    ../Drivers/STM32L4xx_HAL_Driver/Src/stm32l4xx_hal_tim.c 0x00000000   Number         0  stm32l4xx_hal_tim.o ABSOLUTE
    ../Drivers/STM32L4xx_HAL_Driver/Src/stm32l4xx_hal_tim_ex.c 0x00000000   Number         0  stm32l4xx_hal_tim_ex.o ABSOLUTE
    ../clib/angel/boardlib.s                 0x00000000   Number         0  boardinit3.o ABSOLUTE
    ../clib/angel/boardlib.s                 0x00000000   Number         0  boardinit1.o ABSOLUTE
    ../clib/angel/boardlib.s                 0x00000000   Number         0  boardshut.o ABSOLUTE
    ../clib/angel/boardlib.s                 0x00000000   Number         0  boardinit2.o ABSOLUTE
    ../clib/angel/handlers.s                 0x00000000   Number         0  __scatter_zi.o ABSOLUTE
    ../clib/angel/handlers.s                 0x00000000   Number         0  __scatter_copy.o ABSOLUTE
    ../clib/angel/kernel.s                   0x00000000   Number         0  __rtentry4.o ABSOLUTE
    ../clib/angel/kernel.s                   0x00000000   Number         0  __rtentry.o ABSOLUTE
    ../clib/angel/kernel.s                   0x00000000   Number         0  __rtentry2.o ABSOLUTE
    ../clib/angel/kernel.s                   0x00000000   Number         0  rtexit2.o ABSOLUTE
    ../clib/angel/kernel.s                   0x00000000   Number         0  rtexit.o ABSOLUTE
    ../clib/angel/rt.s                       0x00000000   Number         0  rt_raise.o ABSOLUTE
    ../clib/angel/scatter.s                  0x00000000   Number         0  __scatter.o ABSOLUTE
    ../clib/angel/startup.s                  0x00000000   Number         0  __main.o ABSOLUTE
    ../clib/angel/sys.s                      0x00000000   Number         0  indicate_semi.o ABSOLUTE
    ../clib/angel/sys.s                      0x00000000   Number         0  libspace.o ABSOLUTE
    ../clib/angel/sys.s                      0x00000000   Number         0  sys_stackheap_outer.o ABSOLUTE
    ../clib/angel/sys.s                      0x00000000   Number         0  use_no_semi.o ABSOLUTE
    ../clib/angel/sysapp.c                   0x00000000   Number         0  sys_wrch.o ABSOLUTE
    ../clib/angel/sysapp.c                   0x00000000   Number         0  sys_exit.o ABSOLUTE
    ../clib/angel/sysapp.c                   0x00000000   Number         0  sys_command.o ABSOLUTE
    ../clib/armsys.c                         0x00000000   Number         0  _get_argv_nomalloc.o ABSOLUTE
    ../clib/armsys.c                         0x00000000   Number         0  no_argv.o ABSOLUTE
    ../clib/armsys.c                         0x00000000   Number         0  argv_veneer.o ABSOLUTE
    ../clib/armsys.c                         0x00000000   Number         0  argv_veneer.o ABSOLUTE
    ../clib/heapalloc.c                      0x00000000   Number         0  hrguard.o ABSOLUTE
    ../clib/heapaux.c                        0x00000000   Number         0  heapauxi.o ABSOLUTE
    ../clib/libinit.s                        0x00000000   Number         0  libinit2.o ABSOLUTE
    ../clib/libinit.s                        0x00000000   Number         0  libshutdown.o ABSOLUTE
    ../clib/libinit.s                        0x00000000   Number         0  libshutdown2.o ABSOLUTE
    ../clib/libinit.s                        0x00000000   Number         0  libinit.o ABSOLUTE
    ../clib/memcpset.s                       0x00000000   Number         0  rt_memclr_w.o ABSOLUTE
    ../clib/signal.c                         0x00000000   Number         0  defsig_other.o ABSOLUTE
    ../clib/signal.c                         0x00000000   Number         0  defsig_general.o ABSOLUTE
    ../clib/signal.c                         0x00000000   Number         0  defsig_rtmem_formal.o ABSOLUTE
    ../clib/signal.c                         0x00000000   Number         0  defsig_rtmem_outer.o ABSOLUTE
    ../clib/signal.c                         0x00000000   Number         0  defsig_exit.o ABSOLUTE
    ../clib/signal.c                         0x00000000   Number         0  defsig_rtmem_inner.o ABSOLUTE
    ../clib/signal.c                         0x00000000   Number         0  __raise.o ABSOLUTE
    ../clib/signal.c                         0x00000000   Number         0  defsig_abrt_inner.o ABSOLUTE
    ../clib/signal.c                         0x00000000   Number         0  defsig_fpe_inner.o ABSOLUTE
    ../clib/signal.c                         0x00000000   Number         0  defsig_rtred_inner.o ABSOLUTE
    ../clib/signal.c                         0x00000000   Number         0  defsig_stak_inner.o ABSOLUTE
    ../clib/signal.c                         0x00000000   Number         0  defsig_pvfn_inner.o ABSOLUTE
    ../clib/signal.c                         0x00000000   Number         0  defsig_cppl_inner.o ABSOLUTE
    ../clib/signal.c                         0x00000000   Number         0  defsig_segv_inner.o ABSOLUTE
    ../clib/signal.s                         0x00000000   Number         0  defsig.o ABSOLUTE
    ../clib/stdlib.c                         0x00000000   Number         0  exit.o ABSOLUTE
    ../fplib/fpinit.s                        0x00000000   Number         0  fpinit.o ABSOLUTE
    ..\Core\Src\main.c                       0x00000000   Number         0  main.o ABSOLUTE
    ..\Core\Src\stm32l4xx_hal_msp.c          0x00000000   Number         0  stm32l4xx_hal_msp.o ABSOLUTE
    ..\Core\Src\stm32l4xx_it.c               0x00000000   Number         0  stm32l4xx_it.o ABSOLUTE
    ..\Core\Src\system_stm32l4xx.c           0x00000000   Number         0  system_stm32l4xx.o ABSOLUTE
    ..\Drivers\STM32L4xx_HAL_Driver\Src\stm32l4xx_hal.c 0x00000000   Number         0  stm32l4xx_hal.o ABSOLUTE
    ..\Drivers\STM32L4xx_HAL_Driver\Src\stm32l4xx_hal_cortex.c 0x00000000   Number         0  stm32l4xx_hal_cortex.o ABSOLUTE
    ..\Drivers\STM32L4xx_HAL_Driver\Src\stm32l4xx_hal_dac.c 0x00000000   Number         0  stm32l4xx_hal_dac.o ABSOLUTE
    ..\Drivers\STM32L4xx_HAL_Driver\Src\stm32l4xx_hal_dac_ex.c 0x00000000   Number         0  stm32l4xx_hal_dac_ex.o ABSOLUTE
    ..\Drivers\STM32L4xx_HAL_Driver\Src\stm32l4xx_hal_dma.c 0x00000000   Number         0  stm32l4xx_hal_dma.o ABSOLUTE
    ..\Drivers\STM32L4xx_HAL_Driver\Src\stm32l4xx_hal_dma_ex.c 0x00000000   Number         0  stm32l4xx_hal_dma_ex.o ABSOLUTE
    ..\Drivers\STM32L4xx_HAL_Driver\Src\stm32l4xx_hal_exti.c 0x00000000   Number         0  stm32l4xx_hal_exti.o ABSOLUTE
    ..\Drivers\STM32L4xx_HAL_Driver\Src\stm32l4xx_hal_flash.c 0x00000000   Number         0  stm32l4xx_hal_flash.o ABSOLUTE
    ..\Drivers\STM32L4xx_HAL_Driver\Src\stm32l4xx_hal_flash_ex.c 0x00000000   Number         0  stm32l4xx_hal_flash_ex.o ABSOLUTE
    ..\Drivers\STM32L4xx_HAL_Driver\Src\stm32l4xx_hal_flash_ramfunc.c 0x00000000   Number         0  stm32l4xx_hal_flash_ramfunc.o ABSOLUTE
    ..\Drivers\STM32L4xx_HAL_Driver\Src\stm32l4xx_hal_gpio.c 0x00000000   Number         0  stm32l4xx_hal_gpio.o ABSOLUTE
    ..\Drivers\STM32L4xx_HAL_Driver\Src\stm32l4xx_hal_i2c.c 0x00000000   Number         0  stm32l4xx_hal_i2c.o ABSOLUTE
    ..\Drivers\STM32L4xx_HAL_Driver\Src\stm32l4xx_hal_i2c_ex.c 0x00000000   Number         0  stm32l4xx_hal_i2c_ex.o ABSOLUTE
    ..\Drivers\STM32L4xx_HAL_Driver\Src\stm32l4xx_hal_pwr.c 0x00000000   Number         0  stm32l4xx_hal_pwr.o ABSOLUTE
    ..\Drivers\STM32L4xx_HAL_Driver\Src\stm32l4xx_hal_pwr_ex.c 0x00000000   Number         0  stm32l4xx_hal_pwr_ex.o ABSOLUTE
    ..\Drivers\STM32L4xx_HAL_Driver\Src\stm32l4xx_hal_rcc.c 0x00000000   Number         0  stm32l4xx_hal_rcc.o ABSOLUTE
    ..\Drivers\STM32L4xx_HAL_Driver\Src\stm32l4xx_hal_rcc_ex.c 0x00000000   Number         0  stm32l4xx_hal_rcc_ex.o ABSOLUTE
    ..\Drivers\STM32L4xx_HAL_Driver\Src\stm32l4xx_hal_sai.c 0x00000000   Number         0  stm32l4xx_hal_sai.o ABSOLUTE
    ..\Drivers\STM32L4xx_HAL_Driver\Src\stm32l4xx_hal_sai_ex.c 0x00000000   Number         0  stm32l4xx_hal_sai_ex.o ABSOLUTE
    ..\Drivers\STM32L4xx_HAL_Driver\Src\stm32l4xx_hal_tim.c 0x00000000   Number         0  stm32l4xx_hal_tim.o ABSOLUTE
    ..\Drivers\STM32L4xx_HAL_Driver\Src\stm32l4xx_hal_tim_ex.c 0x00000000   Number         0  stm32l4xx_hal_tim_ex.o ABSOLUTE
    dc.s                                     0x00000000   Number         0  dc.o ABSOLUTE
    startup_stm32l476xx.s                    0x00000000   Number         0  startup_stm32l476xx.o ABSOLUTE
    RESET                                    0x08000000   Section      392  startup_stm32l476xx.o(RESET)
    !!!main                                  0x08000188   Section        8  __main.o(!!!main)
    !!!scatter                               0x08000190   Section       52  __scatter.o(!!!scatter)
    !!handler_copy                           0x080001c4   Section       26  __scatter_copy.o(!!handler_copy)
    !!handler_zi                             0x080001e0   Section       28  __scatter_zi.o(!!handler_zi)
    .ARM.Collect$$libinit$$00000000          0x080001fc   Section        2  libinit.o(.ARM.Collect$$libinit$$00000000)
    .ARM.Collect$$libinit$$00000001          0x080001fe   Section        4  libinit2.o(.ARM.Collect$$libinit$$00000001)
    .ARM.Collect$$libinit$$00000004          0x08000202   Section        0  libinit2.o(.ARM.Collect$$libinit$$00000004)
    .ARM.Collect$$libinit$$0000000A          0x08000202   Section        0  libinit2.o(.ARM.Collect$$libinit$$0000000A)
    .ARM.Collect$$libinit$$0000000C          0x08000202   Section        0  libinit2.o(.ARM.Collect$$libinit$$0000000C)
    .ARM.Collect$$libinit$$0000000E          0x08000202   Section        0  libinit2.o(.ARM.Collect$$libinit$$0000000E)
    .ARM.Collect$$libinit$$00000011          0x08000202   Section        0  libinit2.o(.ARM.Collect$$libinit$$00000011)
    .ARM.Collect$$libinit$$00000013          0x08000202   Section        0  libinit2.o(.ARM.Collect$$libinit$$00000013)
    .ARM.Collect$$libinit$$00000015          0x08000202   Section        0  libinit2.o(.ARM.Collect$$libinit$$00000015)
    .ARM.Collect$$libinit$$00000017          0x08000202   Section        0  libinit2.o(.ARM.Collect$$libinit$$00000017)
    .ARM.Collect$$libinit$$00000019          0x08000202   Section        0  libinit2.o(.ARM.Collect$$libinit$$00000019)
    .ARM.Collect$$libinit$$0000001B          0x08000202   Section        0  libinit2.o(.ARM.Collect$$libinit$$0000001B)
    .ARM.Collect$$libinit$$0000001D          0x08000202   Section        0  libinit2.o(.ARM.Collect$$libinit$$0000001D)
    .ARM.Collect$$libinit$$0000001F          0x08000202   Section        0  libinit2.o(.ARM.Collect$$libinit$$0000001F)
    .ARM.Collect$$libinit$$00000021          0x08000202   Section        0  libinit2.o(.ARM.Collect$$libinit$$00000021)
    .ARM.Collect$$libinit$$00000023          0x08000202   Section        0  libinit2.o(.ARM.Collect$$libinit$$00000023)
    .ARM.Collect$$libinit$$00000025          0x08000202   Section        0  libinit2.o(.ARM.Collect$$libinit$$00000025)
    .ARM.Collect$$libinit$$0000002C          0x08000202   Section        0  libinit2.o(.ARM.Collect$$libinit$$0000002C)
    .ARM.Collect$$libinit$$0000002E          0x08000202   Section        0  libinit2.o(.ARM.Collect$$libinit$$0000002E)
    .ARM.Collect$$libinit$$00000030          0x08000202   Section        0  libinit2.o(.ARM.Collect$$libinit$$00000030)
    .ARM.Collect$$libinit$$00000032          0x08000202   Section        0  libinit2.o(.ARM.Collect$$libinit$$00000032)
    .ARM.Collect$$libinit$$00000033          0x08000202   Section        2  libinit2.o(.ARM.Collect$$libinit$$00000033)
    .ARM.Collect$$libshutdown$$00000000      0x08000204   Section        2  libshutdown.o(.ARM.Collect$$libshutdown$$00000000)
    .ARM.Collect$$libshutdown$$00000002      0x08000206   Section        0  libshutdown2.o(.ARM.Collect$$libshutdown$$00000002)
    .ARM.Collect$$libshutdown$$00000004      0x08000206   Section        0  libshutdown2.o(.ARM.Collect$$libshutdown$$00000004)
    .ARM.Collect$$libshutdown$$00000006      0x08000206   Section        0  libshutdown2.o(.ARM.Collect$$libshutdown$$00000006)
    .ARM.Collect$$libshutdown$$00000009      0x08000206   Section        0  libshutdown2.o(.ARM.Collect$$libshutdown$$00000009)
    .ARM.Collect$$libshutdown$$0000000C      0x08000206   Section        0  libshutdown2.o(.ARM.Collect$$libshutdown$$0000000C)
    .ARM.Collect$$libshutdown$$0000000E      0x08000206   Section        0  libshutdown2.o(.ARM.Collect$$libshutdown$$0000000E)
    .ARM.Collect$$libshutdown$$00000011      0x08000206   Section        0  libshutdown2.o(.ARM.Collect$$libshutdown$$00000011)
    .ARM.Collect$$libshutdown$$00000012      0x08000206   Section        2  libshutdown2.o(.ARM.Collect$$libshutdown$$00000012)
    .ARM.Collect$$rtentry$$00000000          0x08000208   Section        0  __rtentry.o(.ARM.Collect$$rtentry$$00000000)
    .ARM.Collect$$rtentry$$00000002          0x08000208   Section        0  __rtentry2.o(.ARM.Collect$$rtentry$$00000002)
    .ARM.Collect$$rtentry$$00000004          0x08000208   Section        6  __rtentry4.o(.ARM.Collect$$rtentry$$00000004)
    .ARM.Collect$$rtentry$$00000009          0x0800020e   Section        0  __rtentry2.o(.ARM.Collect$$rtentry$$00000009)
    .ARM.Collect$$rtentry$$0000000A          0x0800020e   Section        4  __rtentry2.o(.ARM.Collect$$rtentry$$0000000A)
    .ARM.Collect$$rtentry$$0000000C          0x08000212   Section        0  __rtentry2.o(.ARM.Collect$$rtentry$$0000000C)
    .ARM.Collect$$rtentry$$0000000D          0x08000212   Section        8  __rtentry2.o(.ARM.Collect$$rtentry$$0000000D)
    .ARM.Collect$$rtexit$$00000000           0x0800021a   Section        2  rtexit.o(.ARM.Collect$$rtexit$$00000000)
    .ARM.Collect$$rtexit$$00000002           0x0800021c   Section        0  rtexit2.o(.ARM.Collect$$rtexit$$00000002)
    .ARM.Collect$$rtexit$$00000003           0x0800021c   Section        4  rtexit2.o(.ARM.Collect$$rtexit$$00000003)
    .ARM.Collect$$rtexit$$00000004           0x08000220   Section        6  rtexit2.o(.ARM.Collect$$rtexit$$00000004)
    .text                                    0x08000228   Section       64  startup_stm32l476xx.o(.text)
    $v0                                      0x08000228   Number         0  startup_stm32l476xx.o(.text)
    .text                                    0x08000268   Section       78  rt_memclr_w.o(.text)
    .text                                    0x080002b6   Section        0  heapauxi.o(.text)
    .text                                    0x080002bc   Section       74  sys_stackheap_outer.o(.text)
    .text                                    0x08000306   Section        0  exit.o(.text)
    .text                                    0x08000318   Section        8  libspace.o(.text)
    .text                                    0x08000320   Section        0  sys_exit.o(.text)
    .text                                    0x0800032c   Section        2  use_no_semi.o(.text)
    .text                                    0x0800032e   Section        0  indicate_semi.o(.text)
    i.BusFault_Handler                       0x0800032e   Section        0  stm32l4xx_it.o(i.BusFault_Handler)
    i.DebugMon_Handler                       0x08000330   Section        0  stm32l4xx_it.o(i.DebugMon_Handler)
    i.Error_Handler                          0x08000332   Section        0  main.o(i.Error_Handler)
    i.HAL_DACEx_DMAUnderrunCallbackCh2       0x08000336   Section        0  stm32l4xx_hal_dac_ex.o(i.HAL_DACEx_DMAUnderrunCallbackCh2)
    i.HAL_DACEx_NoiseWaveGenerate            0x08000338   Section        0  stm32l4xx_hal_dac_ex.o(i.HAL_DACEx_NoiseWaveGenerate)
    i.HAL_DACEx_TriangleWaveGenerate         0x0800037c   Section        0  stm32l4xx_hal_dac_ex.o(i.HAL_DACEx_TriangleWaveGenerate)
    i.HAL_DAC_ConfigChannel                  0x080003c0   Section        0  stm32l4xx_hal_dac.o(i.HAL_DAC_ConfigChannel)
    i.HAL_DAC_DMAUnderrunCallbackCh1         0x0800050a   Section        0  stm32l4xx_hal_dac.o(i.HAL_DAC_DMAUnderrunCallbackCh1)
    i.HAL_DAC_IRQHandler                     0x0800050c   Section        0  stm32l4xx_hal_dac.o(i.HAL_DAC_IRQHandler)
    i.HAL_DAC_Init                           0x0800057c   Section        0  stm32l4xx_hal_dac.o(i.HAL_DAC_Init)
    i.HAL_DAC_MspInit                        0x080005a8   Section        0  stm32l4xx_hal_msp.o(i.HAL_DAC_MspInit)
    i.HAL_DAC_Start                          0x08000614   Section        0  stm32l4xx_hal_dac.o(i.HAL_DAC_Start)
    i.HAL_DMA_Abort_IT                       0x0800067c   Section        0  stm32l4xx_hal_dma.o(i.HAL_DMA_Abort_IT)
    i.HAL_DMA_GetState                       0x080006ca   Section        0  stm32l4xx_hal_dma.o(i.HAL_DMA_GetState)
    i.HAL_Delay                              0x080006d0   Section        0  stm32l4xx_hal.o(i.HAL_Delay)
    i.HAL_GPIO_Init                          0x080006f8   Section        0  stm32l4xx_hal_gpio.o(i.HAL_GPIO_Init)
    i.HAL_GPIO_WritePin                      0x08000976   Section        0  stm32l4xx_hal_gpio.o(i.HAL_GPIO_WritePin)
    i.HAL_GetTick                            0x08000984   Section        0  stm32l4xx_hal.o(i.HAL_GetTick)
    i.HAL_I2CEx_ConfigAnalogFilter           0x08000990   Section        0  stm32l4xx_hal_i2c_ex.o(i.HAL_I2CEx_ConfigAnalogFilter)
    i.HAL_I2CEx_ConfigDigitalFilter          0x080009ea   Section        0  stm32l4xx_hal_i2c_ex.o(i.HAL_I2CEx_ConfigDigitalFilter)
    i.HAL_I2C_AbortCpltCallback              0x08000a40   Section        0  stm32l4xx_hal_i2c.o(i.HAL_I2C_AbortCpltCallback)
    i.HAL_I2C_AddrCallback                   0x08000a42   Section        0  stm32l4xx_hal_i2c.o(i.HAL_I2C_AddrCallback)
    i.HAL_I2C_ER_IRQHandler                  0x08000a44   Section        0  stm32l4xx_hal_i2c.o(i.HAL_I2C_ER_IRQHandler)
    i.HAL_I2C_EV_IRQHandler                  0x08000ab4   Section        0  stm32l4xx_hal_i2c.o(i.HAL_I2C_EV_IRQHandler)
    i.HAL_I2C_ErrorCallback                  0x08000ac4   Section        0  stm32l4xx_hal_i2c.o(i.HAL_I2C_ErrorCallback)
    i.HAL_I2C_Init                           0x08000ac6   Section        0  stm32l4xx_hal_i2c.o(i.HAL_I2C_Init)
    i.HAL_I2C_ListenCpltCallback             0x08000b84   Section        0  stm32l4xx_hal_i2c.o(i.HAL_I2C_ListenCpltCallback)
    i.HAL_I2C_Master_Receive                 0x08000b88   Section        0  stm32l4xx_hal_i2c.o(i.HAL_I2C_Master_Receive)
    i.HAL_I2C_Master_Transmit                0x08000cec   Section        0  stm32l4xx_hal_i2c.o(i.HAL_I2C_Master_Transmit)
    i.HAL_I2C_MspInit                        0x08000e50   Section        0  stm32l4xx_hal_msp.o(i.HAL_I2C_MspInit)
    i.HAL_I2C_SlaveRxCpltCallback            0x08000ef0   Section        0  stm32l4xx_hal_i2c.o(i.HAL_I2C_SlaveRxCpltCallback)
    i.HAL_I2C_SlaveTxCpltCallback            0x08000ef2   Section        0  stm32l4xx_hal_i2c.o(i.HAL_I2C_SlaveTxCpltCallback)
    i.HAL_IncTick                            0x08000ef4   Section        0  stm32l4xx_hal.o(i.HAL_IncTick)
    i.HAL_Init                               0x08000f04   Section        0  stm32l4xx_hal.o(i.HAL_Init)
    i.HAL_InitTick                           0x08000f24   Section        0  stm32l4xx_hal.o(i.HAL_InitTick)
    i.HAL_MspInit                            0x08000f70   Section        0  stm32l4xx_hal_msp.o(i.HAL_MspInit)
    i.HAL_NVIC_EnableIRQ                     0x08000f9c   Section        0  stm32l4xx_hal_cortex.o(i.HAL_NVIC_EnableIRQ)
    i.HAL_NVIC_SetPriority                   0x08000fb8   Section        0  stm32l4xx_hal_cortex.o(i.HAL_NVIC_SetPriority)
    i.HAL_NVIC_SetPriorityGrouping           0x08001020   Section        0  stm32l4xx_hal_cortex.o(i.HAL_NVIC_SetPriorityGrouping)
    i.HAL_PWREx_ControlVoltageScaling        0x08001044   Section        0  stm32l4xx_hal_pwr_ex.o(i.HAL_PWREx_ControlVoltageScaling)
    i.HAL_PWREx_GetVoltageRange              0x080010b8   Section        0  stm32l4xx_hal_pwr_ex.o(i.HAL_PWREx_GetVoltageRange)
    i.HAL_RCCEx_GetPeriphCLKFreq             0x080010c8   Section        0  stm32l4xx_hal_rcc_ex.o(i.HAL_RCCEx_GetPeriphCLKFreq)
    i.HAL_RCCEx_PeriphCLKConfig              0x08001694   Section        0  stm32l4xx_hal_rcc_ex.o(i.HAL_RCCEx_PeriphCLKConfig)
    i.HAL_RCC_ClockConfig                    0x08001aa4   Section        0  stm32l4xx_hal_rcc.o(i.HAL_RCC_ClockConfig)
    i.HAL_RCC_GetHCLKFreq                    0x08001c18   Section        0  stm32l4xx_hal_rcc.o(i.HAL_RCC_GetHCLKFreq)
    i.HAL_RCC_GetPCLK1Freq                   0x08001c24   Section        0  stm32l4xx_hal_rcc.o(i.HAL_RCC_GetPCLK1Freq)
    i.HAL_RCC_GetPCLK2Freq                   0x08001c48   Section        0  stm32l4xx_hal_rcc.o(i.HAL_RCC_GetPCLK2Freq)
    i.HAL_RCC_GetSysClockFreq                0x08001c6c   Section        0  stm32l4xx_hal_rcc.o(i.HAL_RCC_GetSysClockFreq)
    i.HAL_RCC_OscConfig                      0x08001d2c   Section        0  stm32l4xx_hal_rcc.o(i.HAL_RCC_OscConfig)
    i.HAL_SAI_Init                           0x08002390   Section        0  stm32l4xx_hal_sai.o(i.HAL_SAI_Init)
    i.HAL_SAI_MspInit                        0x08002578   Section        0  stm32l4xx_hal_msp.o(i.HAL_SAI_MspInit)
    i.HAL_SAI_Transmit                       0x08002600   Section        0  stm32l4xx_hal_sai.o(i.HAL_SAI_Transmit)
    i.HAL_SYSTICK_Config                     0x08002754   Section        0  stm32l4xx_hal_cortex.o(i.HAL_SYSTICK_Config)
    i.HAL_TIMEx_Break2Callback               0x0800277c   Section        0  stm32l4xx_hal_tim_ex.o(i.HAL_TIMEx_Break2Callback)
    i.HAL_TIMEx_BreakCallback                0x0800277e   Section        0  stm32l4xx_hal_tim_ex.o(i.HAL_TIMEx_BreakCallback)
    i.HAL_TIMEx_CommutCallback               0x08002780   Section        0  stm32l4xx_hal_tim_ex.o(i.HAL_TIMEx_CommutCallback)
    i.HAL_TIMEx_MasterConfigSynchronization  0x08002784   Section        0  stm32l4xx_hal_tim_ex.o(i.HAL_TIMEx_MasterConfigSynchronization)
    i.HAL_TIM_Base_Init                      0x08002820   Section        0  stm32l4xx_hal_tim.o(i.HAL_TIM_Base_Init)
    i.HAL_TIM_Base_MspInit                   0x08002884   Section        0  stm32l4xx_hal_msp.o(i.HAL_TIM_Base_MspInit)
    i.HAL_TIM_IC_CaptureCallback             0x080028c0   Section        0  stm32l4xx_hal_tim.o(i.HAL_TIM_IC_CaptureCallback)
    i.HAL_TIM_IRQHandler                     0x080028c2   Section        0  stm32l4xx_hal_tim.o(i.HAL_TIM_IRQHandler)
    i.HAL_TIM_OC_DelayElapsedCallback        0x08002a54   Section        0  stm32l4xx_hal_tim.o(i.HAL_TIM_OC_DelayElapsedCallback)
    i.HAL_TIM_PWM_PulseFinishedCallback      0x08002a56   Section        0  stm32l4xx_hal_tim.o(i.HAL_TIM_PWM_PulseFinishedCallback)
    i.HAL_TIM_PeriodElapsedCallback          0x08002a58   Section        0  stm32l4xx_hal_tim.o(i.HAL_TIM_PeriodElapsedCallback)
    i.HAL_TIM_TriggerCallback                0x08002a5a   Section        0  stm32l4xx_hal_tim.o(i.HAL_TIM_TriggerCallback)
    i.HardFault_Handler                      0x08002a5c   Section        0  stm32l4xx_it.o(i.HardFault_Handler)
    i.I2C1_ER_IRQHandler                     0x08002a60   Section        0  stm32l4xx_it.o(i.I2C1_ER_IRQHandler)
    i.I2C1_EV_IRQHandler                     0x08002a6c   Section        0  stm32l4xx_it.o(i.I2C1_EV_IRQHandler)
    i.I2C_DMAAbort                           0x08002a78   Section        0  stm32l4xx_hal_i2c.o(i.I2C_DMAAbort)
    I2C_DMAAbort                             0x08002a79   Thumb Code    22  stm32l4xx_hal_i2c.o(i.I2C_DMAAbort)
    i.I2C_Disable_IRQ                        0x08002a8e   Section        0  stm32l4xx_hal_i2c.o(i.I2C_Disable_IRQ)
    I2C_Disable_IRQ                          0x08002a8f   Thumb Code    94  stm32l4xx_hal_i2c.o(i.I2C_Disable_IRQ)
    i.I2C_Flush_TXDR                         0x08002aec   Section        0  stm32l4xx_hal_i2c.o(i.I2C_Flush_TXDR)
    I2C_Flush_TXDR                           0x08002aed   Thumb Code    34  stm32l4xx_hal_i2c.o(i.I2C_Flush_TXDR)
    i.I2C_ITAddrCplt                         0x08002b0e   Section        0  stm32l4xx_hal_i2c.o(i.I2C_ITAddrCplt)
    I2C_ITAddrCplt                           0x08002b0f   Thumb Code   174  stm32l4xx_hal_i2c.o(i.I2C_ITAddrCplt)
    i.I2C_ITError                            0x08002bbc   Section        0  stm32l4xx_hal_i2c.o(i.I2C_ITError)
    I2C_ITError                              0x08002bbd   Thumb Code   256  stm32l4xx_hal_i2c.o(i.I2C_ITError)
    i.I2C_ITListenCplt                       0x08002cc8   Section        0  stm32l4xx_hal_i2c.o(i.I2C_ITListenCplt)
    I2C_ITListenCplt                         0x08002cc9   Thumb Code    94  stm32l4xx_hal_i2c.o(i.I2C_ITListenCplt)
    i.I2C_ITSlaveCplt                        0x08002d2c   Section        0  stm32l4xx_hal_i2c.o(i.I2C_ITSlaveCplt)
    I2C_ITSlaveCplt                          0x08002d2d   Thumb Code   324  stm32l4xx_hal_i2c.o(i.I2C_ITSlaveCplt)
    i.I2C_ITSlaveSeqCplt                     0x08002e78   Section        0  stm32l4xx_hal_i2c.o(i.I2C_ITSlaveSeqCplt)
    I2C_ITSlaveSeqCplt                       0x08002e79   Thumb Code   118  stm32l4xx_hal_i2c.o(i.I2C_ITSlaveSeqCplt)
    i.I2C_IsAcknowledgeFailed                0x08002ef0   Section        0  stm32l4xx_hal_i2c.o(i.I2C_IsAcknowledgeFailed)
    I2C_IsAcknowledgeFailed                  0x08002ef1   Thumb Code   150  stm32l4xx_hal_i2c.o(i.I2C_IsAcknowledgeFailed)
    i.I2C_Slave_ISR_IT                       0x08002f8c   Section        0  stm32l4xx_hal_i2c.o(i.I2C_Slave_ISR_IT)
    I2C_Slave_ISR_IT                         0x08002f8d   Thumb Code   316  stm32l4xx_hal_i2c.o(i.I2C_Slave_ISR_IT)
    i.I2C_TransferConfig                     0x080030c8   Section        0  stm32l4xx_hal_i2c.o(i.I2C_TransferConfig)
    I2C_TransferConfig                       0x080030c9   Thumb Code    46  stm32l4xx_hal_i2c.o(i.I2C_TransferConfig)
    i.I2C_TreatErrorCallback                 0x080030fc   Section        0  stm32l4xx_hal_i2c.o(i.I2C_TreatErrorCallback)
    I2C_TreatErrorCallback                   0x080030fd   Thumb Code    42  stm32l4xx_hal_i2c.o(i.I2C_TreatErrorCallback)
    i.I2C_WaitOnFlagUntilTimeout             0x08003126   Section        0  stm32l4xx_hal_i2c.o(i.I2C_WaitOnFlagUntilTimeout)
    I2C_WaitOnFlagUntilTimeout               0x08003127   Thumb Code   108  stm32l4xx_hal_i2c.o(i.I2C_WaitOnFlagUntilTimeout)
    i.I2C_WaitOnRXNEFlagUntilTimeout         0x08003194   Section        0  stm32l4xx_hal_i2c.o(i.I2C_WaitOnRXNEFlagUntilTimeout)
    I2C_WaitOnRXNEFlagUntilTimeout           0x08003195   Thumb Code   158  stm32l4xx_hal_i2c.o(i.I2C_WaitOnRXNEFlagUntilTimeout)
    i.I2C_WaitOnSTOPFlagUntilTimeout         0x08003238   Section        0  stm32l4xx_hal_i2c.o(i.I2C_WaitOnSTOPFlagUntilTimeout)
    I2C_WaitOnSTOPFlagUntilTimeout           0x08003239   Thumb Code    88  stm32l4xx_hal_i2c.o(i.I2C_WaitOnSTOPFlagUntilTimeout)
    i.I2C_WaitOnTXISFlagUntilTimeout         0x08003290   Section        0  stm32l4xx_hal_i2c.o(i.I2C_WaitOnTXISFlagUntilTimeout)
    I2C_WaitOnTXISFlagUntilTimeout           0x08003291   Thumb Code    94  stm32l4xx_hal_i2c.o(i.I2C_WaitOnTXISFlagUntilTimeout)
    i.MX_DAC1_Init                           0x080032f0   Section        0  main.o(i.MX_DAC1_Init)
    MX_DAC1_Init                             0x080032f1   Thumb Code   202  main.o(i.MX_DAC1_Init)
    i.MX_GPIO_Init                           0x080033c8   Section        0  main.o(i.MX_GPIO_Init)
    MX_GPIO_Init                             0x080033c9   Thumb Code   140  main.o(i.MX_GPIO_Init)
    i.MX_I2C1_Init                           0x0800345c   Section        0  main.o(i.MX_I2C1_Init)
    MX_I2C1_Init                             0x0800345d   Thumb Code    72  main.o(i.MX_I2C1_Init)
    i.MX_SAI1_Init                           0x080034b0   Section        0  main.o(i.MX_SAI1_Init)
    MX_SAI1_Init                             0x080034b1   Thumb Code    78  main.o(i.MX_SAI1_Init)
    i.MemManage_Handler                      0x0800350c   Section        0  stm32l4xx_it.o(i.MemManage_Handler)
    i.NMI_Handler                            0x0800350e   Section        0  stm32l4xx_it.o(i.NMI_Handler)
    i.PendSV_Handler                         0x08003510   Section        0  stm32l4xx_it.o(i.PendSV_Handler)
    i.RCCEx_GetSAIxPeriphCLKFreq             0x08003514   Section        0  stm32l4xx_hal_rcc_ex.o(i.RCCEx_GetSAIxPeriphCLKFreq)
    RCCEx_GetSAIxPeriphCLKFreq               0x08003515   Thumb Code   256  stm32l4xx_hal_rcc_ex.o(i.RCCEx_GetSAIxPeriphCLKFreq)
    i.RCCEx_PLLSAI1_Config                   0x08003620   Section        0  stm32l4xx_hal_rcc_ex.o(i.RCCEx_PLLSAI1_Config)
    RCCEx_PLLSAI1_Config                     0x08003621   Thumb Code   348  stm32l4xx_hal_rcc_ex.o(i.RCCEx_PLLSAI1_Config)
    i.RCCEx_PLLSAI2_Config                   0x08003780   Section        0  stm32l4xx_hal_rcc_ex.o(i.RCCEx_PLLSAI2_Config)
    RCCEx_PLLSAI2_Config                     0x08003781   Thumb Code   312  stm32l4xx_hal_rcc_ex.o(i.RCCEx_PLLSAI2_Config)
    i.RCC_SetFlashLatencyFromMSIRange        0x080038bc   Section        0  stm32l4xx_hal_rcc.o(i.RCC_SetFlashLatencyFromMSIRange)
    RCC_SetFlashLatencyFromMSIRange          0x080038bd   Thumb Code   124  stm32l4xx_hal_rcc.o(i.RCC_SetFlashLatencyFromMSIRange)
    i.SAI_Disable                            0x08003940   Section        0  stm32l4xx_hal_sai.o(i.SAI_Disable)
    SAI_Disable                              0x08003941   Thumb Code    64  stm32l4xx_hal_sai.o(i.SAI_Disable)
    i.SAI_FillFifo                           0x08003984   Section        0  stm32l4xx_hal_sai.o(i.SAI_FillFifo)
    SAI_FillFifo                             0x08003985   Thumb Code   134  stm32l4xx_hal_sai.o(i.SAI_FillFifo)
    i.SAI_PASSTHROUGH_INIT                   0x08003a0c   Section        0  main.o(i.SAI_PASSTHROUGH_INIT)
    i.SVC_Handler                            0x08003ba4   Section        0  stm32l4xx_it.o(i.SVC_Handler)
    i.SysTick_Handler                        0x08003ba6   Section        0  stm32l4xx_it.o(i.SysTick_Handler)
    i.SystemClock_Config                     0x08003baa   Section        0  main.o(i.SystemClock_Config)
    i.SystemInit                             0x08003c08   Section        0  system_stm32l4xx.o(i.SystemInit)
    i.TIM6_DAC_IRQHandler                    0x08003c44   Section        0  stm32l4xx_it.o(i.TIM6_DAC_IRQHandler)
    i.TIM_Base_SetConfig                     0x08003c60   Section        0  stm32l4xx_hal_tim.o(i.TIM_Base_SetConfig)
    i.UsageFault_Handler                     0x08003d28   Section        0  stm32l4xx_it.o(i.UsageFault_Handler)
    i.main                                   0x08003d2c   Section        0  main.o(i.main)
    x$fpl$fpinit                             0x08003e50   Section       10  fpinit.o(x$fpl$fpinit)
    $v0                                      0x08003e50   Number         0  fpinit.o(x$fpl$fpinit)
    .constdata                               0x08003e5c   Section       64  system_stm32l4xx.o(.constdata)
    .constdata                               0x08003e9c   Section        8  system_stm32l4xx.o(.constdata)
    .data                                    0x20000000   Section       10  main.o(.data)
    .data                                    0x2000000c   Section        4  stm32l4xx_hal_msp.o(.data)
    SAI1_client                              0x2000000c   Data           4  stm32l4xx_hal_msp.o(.data)
    .data                                    0x20000010   Section       12  stm32l4xx_hal.o(.data)
    .data                                    0x2000001c   Section        4  system_stm32l4xx.o(.data)
    .bss                                     0x20000020   Section      304  main.o(.bss)
    .bss                                     0x20000150   Section       96  libspace.o(.bss)
    HEAP                                     0x200001b0   Section      512  startup_stm32l476xx.o(HEAP)
    Heap_Mem                                 0x200001b0   Data         512  startup_stm32l476xx.o(HEAP)
    STACK                                    0x200003b0   Section     1024  startup_stm32l476xx.o(STACK)
    Stack_Mem                                0x200003b0   Data        1024  startup_stm32l476xx.o(STACK)
    __initial_sp                             0x200007b0   Data           0  startup_stm32l476xx.o(STACK)

    Global Symbols

    Symbol Name                              Value     Ov Type        Size  Object(Section)

    BuildAttributes$$THM_ISAv4$E$P$D$K$B$S$7EM$VFPi3$EXTD16$VFPS$VFMA$PE$A:L22UL41UL21$X:L11$S22US41US21$IEEE1$IW$USESV6$~STKCKD$USESV7$~SHL$OTIME$ROPI$EBA8$UX$STANDARDLIB$REQ8$PRES8$EABIv2 0x00000000   Number         0  anon$$obj.o ABSOLUTE
    __ARM_use_no_argv                        0x00000000   Number         0  main.o ABSOLUTE
    __ARM_exceptions_init                     - Undefined Weak Reference
    __alloca_initialize                       - Undefined Weak Reference
    __arm_fini_                               - Undefined Weak Reference
    __arm_preinit_                            - Undefined Weak Reference
    __cpp_initialize__aeabi_                  - Undefined Weak Reference
    __cxa_finalize                            - Undefined Weak Reference
    __rt_locale                               - Undefined Weak Reference
    __sigvec_lookup                           - Undefined Weak Reference
    _atexit_init                              - Undefined Weak Reference
    _call_atexit_fns                          - Undefined Weak Reference
    _clock_init                               - Undefined Weak Reference
    _fp_trap_init                             - Undefined Weak Reference
    _fp_trap_shutdown                         - Undefined Weak Reference
    _get_lc_collate                           - Undefined Weak Reference
    _get_lc_ctype                             - Undefined Weak Reference
    _get_lc_monetary                          - Undefined Weak Reference
    _get_lc_numeric                           - Undefined Weak Reference
    _get_lc_time                              - Undefined Weak Reference
    _getenv_init                              - Undefined Weak Reference
    _handle_redirection                       - Undefined Weak Reference
    _init_alloc                               - Undefined Weak Reference
    _init_user_alloc                          - Undefined Weak Reference
    _initio                                   - Undefined Weak Reference
    _rand_init                                - Undefined Weak Reference
    _signal_finish                            - Undefined Weak Reference
    _signal_init                              - Undefined Weak Reference
    _terminate_alloc                          - Undefined Weak Reference
    _terminate_user_alloc                     - Undefined Weak Reference
    _terminateio                              - Undefined Weak Reference
    __Vectors_Size                           0x00000188   Number         0  startup_stm32l476xx.o ABSOLUTE
    __Vectors                                0x08000000   Data           4  startup_stm32l476xx.o(RESET)
    __Vectors_End                            0x08000188   Data           0  startup_stm32l476xx.o(RESET)
    __main                                   0x08000189   Thumb Code     8  __main.o(!!!main)
    __scatterload                            0x08000191   Thumb Code     0  __scatter.o(!!!scatter)
    __scatterload_rt2                        0x08000191   Thumb Code    44  __scatter.o(!!!scatter)
    __scatterload_rt2_thumb_only             0x08000191   Thumb Code     0  __scatter.o(!!!scatter)
    __scatterload_null                       0x0800019f   Thumb Code     0  __scatter.o(!!!scatter)
    __scatterload_copy                       0x080001c5   Thumb Code    26  __scatter_copy.o(!!handler_copy)
    __scatterload_zeroinit                   0x080001e1   Thumb Code    28  __scatter_zi.o(!!handler_zi)
    __rt_lib_init                            0x080001fd   Thumb Code     0  libinit.o(.ARM.Collect$$libinit$$00000000)
    __rt_lib_init_fp_1                       0x080001ff   Thumb Code     0  libinit2.o(.ARM.Collect$$libinit$$00000001)
    __rt_lib_init_alloca_1                   0x08000203   Thumb Code     0  libinit2.o(.ARM.Collect$$libinit$$0000002E)
    __rt_lib_init_argv_1                     0x08000203   Thumb Code     0  libinit2.o(.ARM.Collect$$libinit$$0000002C)
    __rt_lib_init_atexit_1                   0x08000203   Thumb Code     0  libinit2.o(.ARM.Collect$$libinit$$0000001B)
    __rt_lib_init_clock_1                    0x08000203   Thumb Code     0  libinit2.o(.ARM.Collect$$libinit$$00000021)
    __rt_lib_init_cpp_1                      0x08000203   Thumb Code     0  libinit2.o(.ARM.Collect$$libinit$$00000032)
    __rt_lib_init_exceptions_1               0x08000203   Thumb Code     0  libinit2.o(.ARM.Collect$$libinit$$00000030)
    __rt_lib_init_fp_trap_1                  0x08000203   Thumb Code     0  libinit2.o(.ARM.Collect$$libinit$$0000001F)
    __rt_lib_init_getenv_1                   0x08000203   Thumb Code     0  libinit2.o(.ARM.Collect$$libinit$$00000023)
    __rt_lib_init_heap_1                     0x08000203   Thumb Code     0  libinit2.o(.ARM.Collect$$libinit$$0000000A)
    __rt_lib_init_lc_collate_1               0x08000203   Thumb Code     0  libinit2.o(.ARM.Collect$$libinit$$00000011)
    __rt_lib_init_lc_ctype_1                 0x08000203   Thumb Code     0  libinit2.o(.ARM.Collect$$libinit$$00000013)
    __rt_lib_init_lc_monetary_1              0x08000203   Thumb Code     0  libinit2.o(.ARM.Collect$$libinit$$00000015)
    __rt_lib_init_lc_numeric_1               0x08000203   Thumb Code     0  libinit2.o(.ARM.Collect$$libinit$$00000017)
    __rt_lib_init_lc_time_1                  0x08000203   Thumb Code     0  libinit2.o(.ARM.Collect$$libinit$$00000019)
    __rt_lib_init_preinit_1                  0x08000203   Thumb Code     0  libinit2.o(.ARM.Collect$$libinit$$00000004)
    __rt_lib_init_rand_1                     0x08000203   Thumb Code     0  libinit2.o(.ARM.Collect$$libinit$$0000000E)
    __rt_lib_init_return                     0x08000203   Thumb Code     0  libinit2.o(.ARM.Collect$$libinit$$00000033)
    __rt_lib_init_signal_1                   0x08000203   Thumb Code     0  libinit2.o(.ARM.Collect$$libinit$$0000001D)
    __rt_lib_init_stdio_1                    0x08000203   Thumb Code     0  libinit2.o(.ARM.Collect$$libinit$$00000025)
    __rt_lib_init_user_alloc_1               0x08000203   Thumb Code     0  libinit2.o(.ARM.Collect$$libinit$$0000000C)
    __rt_lib_shutdown                        0x08000205   Thumb Code     0  libshutdown.o(.ARM.Collect$$libshutdown$$00000000)
    __rt_lib_shutdown_cpp_1                  0x08000207   Thumb Code     0  libshutdown2.o(.ARM.Collect$$libshutdown$$00000004)
    __rt_lib_shutdown_fini_1                 0x08000207   Thumb Code     0  libshutdown2.o(.ARM.Collect$$libshutdown$$00000002)
    __rt_lib_shutdown_fp_trap_1              0x08000207   Thumb Code     0  libshutdown2.o(.ARM.Collect$$libshutdown$$00000009)
    __rt_lib_shutdown_heap_1                 0x08000207   Thumb Code     0  libshutdown2.o(.ARM.Collect$$libshutdown$$00000011)
    __rt_lib_shutdown_return                 0x08000207   Thumb Code     0  libshutdown2.o(.ARM.Collect$$libshutdown$$00000012)
    __rt_lib_shutdown_signal_1               0x08000207   Thumb Code     0  libshutdown2.o(.ARM.Collect$$libshutdown$$0000000C)
    __rt_lib_shutdown_stdio_1                0x08000207   Thumb Code     0  libshutdown2.o(.ARM.Collect$$libshutdown$$00000006)
    __rt_lib_shutdown_user_alloc_1           0x08000207   Thumb Code     0  libshutdown2.o(.ARM.Collect$$libshutdown$$0000000E)
    __rt_entry                               0x08000209   Thumb Code     0  __rtentry.o(.ARM.Collect$$rtentry$$00000000)
    __rt_entry_presh_1                       0x08000209   Thumb Code     0  __rtentry2.o(.ARM.Collect$$rtentry$$00000002)
    __rt_entry_sh                            0x08000209   Thumb Code     0  __rtentry4.o(.ARM.Collect$$rtentry$$00000004)
    __rt_entry_li                            0x0800020f   Thumb Code     0  __rtentry2.o(.ARM.Collect$$rtentry$$0000000A)
    __rt_entry_postsh_1                      0x0800020f   Thumb Code     0  __rtentry2.o(.ARM.Collect$$rtentry$$00000009)
    __rt_entry_main                          0x08000213   Thumb Code     0  __rtentry2.o(.ARM.Collect$$rtentry$$0000000D)
    __rt_entry_postli_1                      0x08000213   Thumb Code     0  __rtentry2.o(.ARM.Collect$$rtentry$$0000000C)
    __rt_exit                                0x0800021b   Thumb Code     0  rtexit.o(.ARM.Collect$$rtexit$$00000000)
    __rt_exit_ls                             0x0800021d   Thumb Code     0  rtexit2.o(.ARM.Collect$$rtexit$$00000003)
    __rt_exit_prels_1                        0x0800021d   Thumb Code     0  rtexit2.o(.ARM.Collect$$rtexit$$00000002)
    __rt_exit_exit                           0x08000221   Thumb Code     0  rtexit2.o(.ARM.Collect$$rtexit$$00000004)
    Reset_Handler                            0x08000229   Thumb Code     8  startup_stm32l476xx.o(.text)
    ADC1_2_IRQHandler                        0x08000243   Thumb Code     0  startup_stm32l476xx.o(.text)
    ADC3_IRQHandler                          0x08000243   Thumb Code     0  startup_stm32l476xx.o(.text)
    CAN1_RX0_IRQHandler                      0x08000243   Thumb Code     0  startup_stm32l476xx.o(.text)
    CAN1_RX1_IRQHandler                      0x08000243   Thumb Code     0  startup_stm32l476xx.o(.text)
    CAN1_SCE_IRQHandler                      0x08000243   Thumb Code     0  startup_stm32l476xx.o(.text)
    CAN1_TX_IRQHandler                       0x08000243   Thumb Code     0  startup_stm32l476xx.o(.text)
    COMP_IRQHandler                          0x08000243   Thumb Code     0  startup_stm32l476xx.o(.text)
    DFSDM1_FLT0_IRQHandler                   0x08000243   Thumb Code     0  startup_stm32l476xx.o(.text)
    DFSDM1_FLT1_IRQHandler                   0x08000243   Thumb Code     0  startup_stm32l476xx.o(.text)
    DFSDM1_FLT2_IRQHandler                   0x08000243   Thumb Code     0  startup_stm32l476xx.o(.text)
    DFSDM1_FLT3_IRQHandler                   0x08000243   Thumb Code     0  startup_stm32l476xx.o(.text)
    DMA1_Channel1_IRQHandler                 0x08000243   Thumb Code     0  startup_stm32l476xx.o(.text)
    DMA1_Channel2_IRQHandler                 0x08000243   Thumb Code     0  startup_stm32l476xx.o(.text)
    DMA1_Channel3_IRQHandler                 0x08000243   Thumb Code     0  startup_stm32l476xx.o(.text)
    DMA1_Channel4_IRQHandler                 0x08000243   Thumb Code     0  startup_stm32l476xx.o(.text)
    DMA1_Channel5_IRQHandler                 0x08000243   Thumb Code     0  startup_stm32l476xx.o(.text)
    DMA1_Channel6_IRQHandler                 0x08000243   Thumb Code     0  startup_stm32l476xx.o(.text)
    DMA1_Channel7_IRQHandler                 0x08000243   Thumb Code     0  startup_stm32l476xx.o(.text)
    DMA2_Channel1_IRQHandler                 0x08000243   Thumb Code     0  startup_stm32l476xx.o(.text)
    DMA2_Channel2_IRQHandler                 0x08000243   Thumb Code     0  startup_stm32l476xx.o(.text)
    DMA2_Channel3_IRQHandler                 0x08000243   Thumb Code     0  startup_stm32l476xx.o(.text)
    DMA2_Channel4_IRQHandler                 0x08000243   Thumb Code     0  startup_stm32l476xx.o(.text)
    DMA2_Channel5_IRQHandler                 0x08000243   Thumb Code     0  startup_stm32l476xx.o(.text)
    DMA2_Channel6_IRQHandler                 0x08000243   Thumb Code     0  startup_stm32l476xx.o(.text)
    DMA2_Channel7_IRQHandler                 0x08000243   Thumb Code     0  startup_stm32l476xx.o(.text)
    EXTI0_IRQHandler                         0x08000243   Thumb Code     0  startup_stm32l476xx.o(.text)
    EXTI15_10_IRQHandler                     0x08000243   Thumb Code     0  startup_stm32l476xx.o(.text)
    EXTI1_IRQHandler                         0x08000243   Thumb Code     0  startup_stm32l476xx.o(.text)
    EXTI2_IRQHandler                         0x08000243   Thumb Code     0  startup_stm32l476xx.o(.text)
    EXTI3_IRQHandler                         0x08000243   Thumb Code     0  startup_stm32l476xx.o(.text)
    EXTI4_IRQHandler                         0x08000243   Thumb Code     0  startup_stm32l476xx.o(.text)
    EXTI9_5_IRQHandler                       0x08000243   Thumb Code     0  startup_stm32l476xx.o(.text)
    FLASH_IRQHandler                         0x08000243   Thumb Code     0  startup_stm32l476xx.o(.text)
    FMC_IRQHandler                           0x08000243   Thumb Code     0  startup_stm32l476xx.o(.text)
    FPU_IRQHandler                           0x08000243   Thumb Code     0  startup_stm32l476xx.o(.text)
    I2C2_ER_IRQHandler                       0x08000243   Thumb Code     0  startup_stm32l476xx.o(.text)
    I2C2_EV_IRQHandler                       0x08000243   Thumb Code     0  startup_stm32l476xx.o(.text)
    I2C3_ER_IRQHandler                       0x08000243   Thumb Code     0  startup_stm32l476xx.o(.text)
    I2C3_EV_IRQHandler                       0x08000243   Thumb Code     0  startup_stm32l476xx.o(.text)
    LCD_IRQHandler                           0x08000243   Thumb Code     0  startup_stm32l476xx.o(.text)
    LPTIM1_IRQHandler                        0x08000243   Thumb Code     0  startup_stm32l476xx.o(.text)
    LPTIM2_IRQHandler                        0x08000243   Thumb Code     0  startup_stm32l476xx.o(.text)
    LPUART1_IRQHandler                       0x08000243   Thumb Code     0  startup_stm32l476xx.o(.text)
    OTG_FS_IRQHandler                        0x08000243   Thumb Code     0  startup_stm32l476xx.o(.text)
    PVD_PVM_IRQHandler                       0x08000243   Thumb Code     0  startup_stm32l476xx.o(.text)
    QUADSPI_IRQHandler                       0x08000243   Thumb Code     0  startup_stm32l476xx.o(.text)
    RCC_IRQHandler                           0x08000243   Thumb Code     0  startup_stm32l476xx.o(.text)
    RNG_IRQHandler                           0x08000243   Thumb Code     0  startup_stm32l476xx.o(.text)
    RTC_Alarm_IRQHandler                     0x08000243   Thumb Code     0  startup_stm32l476xx.o(.text)
    RTC_WKUP_IRQHandler                      0x08000243   Thumb Code     0  startup_stm32l476xx.o(.text)
    SAI1_IRQHandler                          0x08000243   Thumb Code     0  startup_stm32l476xx.o(.text)
    SAI2_IRQHandler                          0x08000243   Thumb Code     0  startup_stm32l476xx.o(.text)
    SDMMC1_IRQHandler                        0x08000243   Thumb Code     0  startup_stm32l476xx.o(.text)
    SPI1_IRQHandler                          0x08000243   Thumb Code     0  startup_stm32l476xx.o(.text)
    SPI2_IRQHandler                          0x08000243   Thumb Code     0  startup_stm32l476xx.o(.text)
    SPI3_IRQHandler                          0x08000243   Thumb Code     0  startup_stm32l476xx.o(.text)
    SWPMI1_IRQHandler                        0x08000243   Thumb Code     0  startup_stm32l476xx.o(.text)
    TAMP_STAMP_IRQHandler                    0x08000243   Thumb Code     0  startup_stm32l476xx.o(.text)
    TIM1_BRK_TIM15_IRQHandler                0x08000243   Thumb Code     0  startup_stm32l476xx.o(.text)
    TIM1_CC_IRQHandler                       0x08000243   Thumb Code     0  startup_stm32l476xx.o(.text)
    TIM1_TRG_COM_TIM17_IRQHandler            0x08000243   Thumb Code     0  startup_stm32l476xx.o(.text)
    TIM1_UP_TIM16_IRQHandler                 0x08000243   Thumb Code     0  startup_stm32l476xx.o(.text)
    TIM2_IRQHandler                          0x08000243   Thumb Code     0  startup_stm32l476xx.o(.text)
    TIM3_IRQHandler                          0x08000243   Thumb Code     0  startup_stm32l476xx.o(.text)
    TIM4_IRQHandler                          0x08000243   Thumb Code     0  startup_stm32l476xx.o(.text)
    TIM5_IRQHandler                          0x08000243   Thumb Code     0  startup_stm32l476xx.o(.text)
    TIM7_IRQHandler                          0x08000243   Thumb Code     0  startup_stm32l476xx.o(.text)
    TIM8_BRK_IRQHandler                      0x08000243   Thumb Code     0  startup_stm32l476xx.o(.text)
    TIM8_CC_IRQHandler                       0x08000243   Thumb Code     0  startup_stm32l476xx.o(.text)
    TIM8_TRG_COM_IRQHandler                  0x08000243   Thumb Code     0  startup_stm32l476xx.o(.text)
    TIM8_UP_IRQHandler                       0x08000243   Thumb Code     0  startup_stm32l476xx.o(.text)
    TSC_IRQHandler                           0x08000243   Thumb Code     0  startup_stm32l476xx.o(.text)
    UART4_IRQHandler                         0x08000243   Thumb Code     0  startup_stm32l476xx.o(.text)
    UART5_IRQHandler                         0x08000243   Thumb Code     0  startup_stm32l476xx.o(.text)
    USART1_IRQHandler                        0x08000243   Thumb Code     0  startup_stm32l476xx.o(.text)
    USART2_IRQHandler                        0x08000243   Thumb Code     0  startup_stm32l476xx.o(.text)
    USART3_IRQHandler                        0x08000243   Thumb Code     0  startup_stm32l476xx.o(.text)
    WWDG_IRQHandler                          0x08000243   Thumb Code     0  startup_stm32l476xx.o(.text)
    __user_initial_stackheap                 0x08000245   Thumb Code     0  startup_stm32l476xx.o(.text)
    __aeabi_memclr4                          0x08000269   Thumb Code     0  rt_memclr_w.o(.text)
    __aeabi_memclr8                          0x08000269   Thumb Code     0  rt_memclr_w.o(.text)
    __rt_memclr_w                            0x08000269   Thumb Code    78  rt_memclr_w.o(.text)
    _memset_w                                0x0800026d   Thumb Code     0  rt_memclr_w.o(.text)
    __use_two_region_memory                  0x080002b7   Thumb Code     2  heapauxi.o(.text)
    __rt_heap_escrow$2region                 0x080002b9   Thumb Code     2  heapauxi.o(.text)
    __rt_heap_expand$2region                 0x080002bb   Thumb Code     2  heapauxi.o(.text)
    __user_setup_stackheap                   0x080002bd   Thumb Code    74  sys_stackheap_outer.o(.text)
    exit                                     0x08000307   Thumb Code    18  exit.o(.text)
    __user_libspace                          0x08000319   Thumb Code     8  libspace.o(.text)
    __user_perproc_libspace                  0x08000319   Thumb Code     0  libspace.o(.text)
    __user_perthread_libspace                0x08000319   Thumb Code     0  libspace.o(.text)
    _sys_exit                                0x08000321   Thumb Code     8  sys_exit.o(.text)
    __I$use$semihosting                      0x0800032d   Thumb Code     0  use_no_semi.o(.text)
    __use_no_semihosting_swi                 0x0800032d   Thumb Code     2  use_no_semi.o(.text)
    BusFault_Handler                         0x0800032f   Thumb Code     2  stm32l4xx_it.o(i.BusFault_Handler)
    __semihosting_library_function           0x0800032f   Thumb Code     0  indicate_semi.o(.text)
    DebugMon_Handler                         0x08000331   Thumb Code     2  stm32l4xx_it.o(i.DebugMon_Handler)
    Error_Handler                            0x08000333   Thumb Code     4  main.o(i.Error_Handler)
    HAL_DACEx_DMAUnderrunCallbackCh2         0x08000337   Thumb Code     2  stm32l4xx_hal_dac_ex.o(i.HAL_DACEx_DMAUnderrunCallbackCh2)
    HAL_DACEx_NoiseWaveGenerate              0x08000339   Thumb Code    68  stm32l4xx_hal_dac_ex.o(i.HAL_DACEx_NoiseWaveGenerate)
    HAL_DACEx_TriangleWaveGenerate           0x0800037d   Thumb Code    68  stm32l4xx_hal_dac_ex.o(i.HAL_DACEx_TriangleWaveGenerate)
    HAL_DAC_ConfigChannel                    0x080003c1   Thumb Code   330  stm32l4xx_hal_dac.o(i.HAL_DAC_ConfigChannel)
    HAL_DAC_DMAUnderrunCallbackCh1           0x0800050b   Thumb Code     2  stm32l4xx_hal_dac.o(i.HAL_DAC_DMAUnderrunCallbackCh1)
    HAL_DAC_IRQHandler                       0x0800050d   Thumb Code   112  stm32l4xx_hal_dac.o(i.HAL_DAC_IRQHandler)
    HAL_DAC_Init                             0x0800057d   Thumb Code    42  stm32l4xx_hal_dac.o(i.HAL_DAC_Init)
    HAL_DAC_MspInit                          0x080005a9   Thumb Code    98  stm32l4xx_hal_msp.o(i.HAL_DAC_MspInit)
    HAL_DAC_Start                            0x08000615   Thumb Code   104  stm32l4xx_hal_dac.o(i.HAL_DAC_Start)
    HAL_DMA_Abort_IT                         0x0800067d   Thumb Code    78  stm32l4xx_hal_dma.o(i.HAL_DMA_Abort_IT)
    HAL_DMA_GetState                         0x080006cb   Thumb Code     6  stm32l4xx_hal_dma.o(i.HAL_DMA_GetState)
    HAL_Delay                                0x080006d1   Thumb Code    34  stm32l4xx_hal.o(i.HAL_Delay)
    HAL_GPIO_Init                            0x080006f9   Thumb Code   610  stm32l4xx_hal_gpio.o(i.HAL_GPIO_Init)
    HAL_GPIO_WritePin                        0x08000977   Thumb Code    12  stm32l4xx_hal_gpio.o(i.HAL_GPIO_WritePin)
    HAL_GetTick                              0x08000985   Thumb Code     6  stm32l4xx_hal.o(i.HAL_GetTick)
    HAL_I2CEx_ConfigAnalogFilter             0x08000991   Thumb Code    90  stm32l4xx_hal_i2c_ex.o(i.HAL_I2CEx_ConfigAnalogFilter)
    HAL_I2CEx_ConfigDigitalFilter            0x080009eb   Thumb Code    86  stm32l4xx_hal_i2c_ex.o(i.HAL_I2CEx_ConfigDigitalFilter)
    HAL_I2C_AbortCpltCallback                0x08000a41   Thumb Code     2  stm32l4xx_hal_i2c.o(i.HAL_I2C_AbortCpltCallback)
    HAL_I2C_AddrCallback                     0x08000a43   Thumb Code     2  stm32l4xx_hal_i2c.o(i.HAL_I2C_AddrCallback)
    HAL_I2C_ER_IRQHandler                    0x08000a45   Thumb Code   112  stm32l4xx_hal_i2c.o(i.HAL_I2C_ER_IRQHandler)
    HAL_I2C_EV_IRQHandler                    0x08000ab5   Thumb Code    16  stm32l4xx_hal_i2c.o(i.HAL_I2C_EV_IRQHandler)
    HAL_I2C_ErrorCallback                    0x08000ac5   Thumb Code     2  stm32l4xx_hal_i2c.o(i.HAL_I2C_ErrorCallback)
    HAL_I2C_Init                             0x08000ac7   Thumb Code   190  stm32l4xx_hal_i2c.o(i.HAL_I2C_Init)
    HAL_I2C_ListenCpltCallback               0x08000b85   Thumb Code     2  stm32l4xx_hal_i2c.o(i.HAL_I2C_ListenCpltCallback)
    HAL_I2C_Master_Receive                   0x08000b89   Thumb Code   340  stm32l4xx_hal_i2c.o(i.HAL_I2C_Master_Receive)
    HAL_I2C_Master_Transmit                  0x08000ced   Thumb Code   338  stm32l4xx_hal_i2c.o(i.HAL_I2C_Master_Transmit)
    HAL_I2C_MspInit                          0x08000e51   Thumb Code   148  stm32l4xx_hal_msp.o(i.HAL_I2C_MspInit)
    HAL_I2C_SlaveRxCpltCallback              0x08000ef1   Thumb Code     2  stm32l4xx_hal_i2c.o(i.HAL_I2C_SlaveRxCpltCallback)
    HAL_I2C_SlaveTxCpltCallback              0x08000ef3   Thumb Code     2  stm32l4xx_hal_i2c.o(i.HAL_I2C_SlaveTxCpltCallback)
    HAL_IncTick                              0x08000ef5   Thumb Code    12  stm32l4xx_hal.o(i.HAL_IncTick)
    HAL_Init                                 0x08000f05   Thumb Code    30  stm32l4xx_hal.o(i.HAL_Init)
    HAL_InitTick                             0x08000f25   Thumb Code    68  stm32l4xx_hal.o(i.HAL_InitTick)
    HAL_MspInit                              0x08000f71   Thumb Code    38  stm32l4xx_hal_msp.o(i.HAL_MspInit)
    HAL_NVIC_EnableIRQ                       0x08000f9d   Thumb Code    28  stm32l4xx_hal_cortex.o(i.HAL_NVIC_EnableIRQ)
    HAL_NVIC_SetPriority                     0x08000fb9   Thumb Code    98  stm32l4xx_hal_cortex.o(i.HAL_NVIC_SetPriority)
    HAL_NVIC_SetPriorityGrouping             0x08001021   Thumb Code    30  stm32l4xx_hal_cortex.o(i.HAL_NVIC_SetPriorityGrouping)
    HAL_PWREx_ControlVoltageScaling          0x08001045   Thumb Code   104  stm32l4xx_hal_pwr_ex.o(i.HAL_PWREx_ControlVoltageScaling)
    HAL_PWREx_GetVoltageRange                0x080010b9   Thumb Code    10  stm32l4xx_hal_pwr_ex.o(i.HAL_PWREx_GetVoltageRange)
    HAL_RCCEx_GetPeriphCLKFreq               0x080010c9   Thumb Code  1484  stm32l4xx_hal_rcc_ex.o(i.HAL_RCCEx_GetPeriphCLKFreq)
    HAL_RCCEx_PeriphCLKConfig                0x08001695   Thumb Code  1032  stm32l4xx_hal_rcc_ex.o(i.HAL_RCCEx_PeriphCLKConfig)
    HAL_RCC_ClockConfig                      0x08001aa5   Thumb Code   352  stm32l4xx_hal_rcc.o(i.HAL_RCC_ClockConfig)
    HAL_RCC_GetHCLKFreq                      0x08001c19   Thumb Code     6  stm32l4xx_hal_rcc.o(i.HAL_RCC_GetHCLKFreq)
    HAL_RCC_GetPCLK1Freq                     0x08001c25   Thumb Code    26  stm32l4xx_hal_rcc.o(i.HAL_RCC_GetPCLK1Freq)
    HAL_RCC_GetPCLK2Freq                     0x08001c49   Thumb Code    26  stm32l4xx_hal_rcc.o(i.HAL_RCC_GetPCLK2Freq)
    HAL_RCC_GetSysClockFreq                  0x08001c6d   Thumb Code   174  stm32l4xx_hal_rcc.o(i.HAL_RCC_GetSysClockFreq)
    HAL_RCC_OscConfig                        0x08001d2d   Thumb Code  1632  stm32l4xx_hal_rcc.o(i.HAL_RCC_OscConfig)
    HAL_SAI_Init                             0x08002391   Thumb Code   458  stm32l4xx_hal_sai.o(i.HAL_SAI_Init)
    HAL_SAI_MspInit                          0x08002579   Thumb Code   120  stm32l4xx_hal_msp.o(i.HAL_SAI_MspInit)
    HAL_SAI_Transmit                         0x08002601   Thumb Code   338  stm32l4xx_hal_sai.o(i.HAL_SAI_Transmit)
    HAL_SYSTICK_Config                       0x08002755   Thumb Code    36  stm32l4xx_hal_cortex.o(i.HAL_SYSTICK_Config)
    HAL_TIMEx_Break2Callback                 0x0800277d   Thumb Code     2  stm32l4xx_hal_tim_ex.o(i.HAL_TIMEx_Break2Callback)
    HAL_TIMEx_BreakCallback                  0x0800277f   Thumb Code     2  stm32l4xx_hal_tim_ex.o(i.HAL_TIMEx_BreakCallback)
    HAL_TIMEx_CommutCallback                 0x08002781   Thumb Code     2  stm32l4xx_hal_tim_ex.o(i.HAL_TIMEx_CommutCallback)
    HAL_TIMEx_MasterConfigSynchronization    0x08002785   Thumb Code   148  stm32l4xx_hal_tim_ex.o(i.HAL_TIMEx_MasterConfigSynchronization)
    HAL_TIM_Base_Init                        0x08002821   Thumb Code   100  stm32l4xx_hal_tim.o(i.HAL_TIM_Base_Init)
    HAL_TIM_Base_MspInit                     0x08002885   Thumb Code    50  stm32l4xx_hal_msp.o(i.HAL_TIM_Base_MspInit)
    HAL_TIM_IC_CaptureCallback               0x080028c1   Thumb Code     2  stm32l4xx_hal_tim.o(i.HAL_TIM_IC_CaptureCallback)
    HAL_TIM_IRQHandler                       0x080028c3   Thumb Code   402  stm32l4xx_hal_tim.o(i.HAL_TIM_IRQHandler)
    HAL_TIM_OC_DelayElapsedCallback          0x08002a55   Thumb Code     2  stm32l4xx_hal_tim.o(i.HAL_TIM_OC_DelayElapsedCallback)
    HAL_TIM_PWM_PulseFinishedCallback        0x08002a57   Thumb Code     2  stm32l4xx_hal_tim.o(i.HAL_TIM_PWM_PulseFinishedCallback)
    HAL_TIM_PeriodElapsedCallback            0x08002a59   Thumb Code     2  stm32l4xx_hal_tim.o(i.HAL_TIM_PeriodElapsedCallback)
    HAL_TIM_TriggerCallback                  0x08002a5b   Thumb Code     2  stm32l4xx_hal_tim.o(i.HAL_TIM_TriggerCallback)
    HardFault_Handler                        0x08002a5d   Thumb Code     2  stm32l4xx_it.o(i.HardFault_Handler)
    I2C1_ER_IRQHandler                       0x08002a61   Thumb Code     6  stm32l4xx_it.o(i.I2C1_ER_IRQHandler)
    I2C1_EV_IRQHandler                       0x08002a6d   Thumb Code     6  stm32l4xx_it.o(i.I2C1_EV_IRQHandler)
    MemManage_Handler                        0x0800350d   Thumb Code     2  stm32l4xx_it.o(i.MemManage_Handler)
    NMI_Handler                              0x0800350f   Thumb Code     2  stm32l4xx_it.o(i.NMI_Handler)
    PendSV_Handler                           0x08003511   Thumb Code     2  stm32l4xx_it.o(i.PendSV_Handler)
    SAI_PASSTHROUGH_INIT                     0x08003a0d   Thumb Code   344  main.o(i.SAI_PASSTHROUGH_INIT)
    SVC_Handler                              0x08003ba5   Thumb Code     2  stm32l4xx_it.o(i.SVC_Handler)
    SysTick_Handler                          0x08003ba7   Thumb Code     4  stm32l4xx_it.o(i.SysTick_Handler)
    SystemClock_Config                       0x08003bab   Thumb Code    92  main.o(i.SystemClock_Config)
    SystemInit                               0x08003c09   Thumb Code    52  system_stm32l4xx.o(i.SystemInit)
    TIM6_DAC_IRQHandler                      0x08003c45   Thumb Code    18  stm32l4xx_it.o(i.TIM6_DAC_IRQHandler)
    TIM_Base_SetConfig                       0x08003c61   Thumb Code   168  stm32l4xx_hal_tim.o(i.TIM_Base_SetConfig)
    UsageFault_Handler                       0x08003d29   Thumb Code     2  stm32l4xx_it.o(i.UsageFault_Handler)
    main                                     0x08003d2d   Thumb Code   272  main.o(i.main)
    _fp_init                                 0x08003e51   Thumb Code    10  fpinit.o(x$fpl$fpinit)
    __fplib_config_fpu_vfp                   0x08003e59   Thumb Code     0  fpinit.o(x$fpl$fpinit)
    __fplib_config_pureend_doubles           0x08003e59   Thumb Code     0  fpinit.o(x$fpl$fpinit)
    AHBPrescTable                            0x08003e5c   Data          16  system_stm32l4xx.o(.constdata)
    MSIRangeTable                            0x08003e6c   Data          48  system_stm32l4xx.o(.constdata)
    APBPrescTable                            0x08003e9c   Data           8  system_stm32l4xx.o(.constdata)
    Region$$Table$$Base                      0x08003ea4   Number         0  anon$$obj.o(Region$$Table)
    Region$$Table$$Limit                     0x08003ec4   Number         0  anon$$obj.o(Region$$Table)
    RX_BUFFER                                0x20000000   Data           1  main.o(.data)
    POWER_UP_BUFFER                          0x20000001   Data           1  main.o(.data)
    CODAC_ID                                 0x20000002   Data           1  main.o(.data)
    INTRFC_CR1                               0x20000003   Data           1  main.o(.data)
    SAI_TRANSFER                             0x20000004   Data           6  main.o(.data)
    uwTickFreq                               0x20000010   Data           1  stm32l4xx_hal.o(.data)
    uwTickPrio                               0x20000014   Data           4  stm32l4xx_hal.o(.data)
    uwTick                                   0x20000018   Data           4  stm32l4xx_hal.o(.data)
    SystemCoreClock                          0x2000001c   Data           4  system_stm32l4xx.o(.data)
    hdac1                                    0x20000020   Data          20  main.o(.bss)
    hi2c1                                    0x20000034   Data          76  main.o(.bss)
    hsai_BlockA1                             0x20000080   Data         132  main.o(.bss)
    htim6                                    0x20000104   Data          76  main.o(.bss)
    __libspace_start                         0x20000150   Data          96  libspace.o(.bss)
    __temporary_stack_top$libspace           0x200001b0   Data           0  libspace.o(.bss)



==============================================================================

Memory Map of the image

  Image Entry point : 0x08000189

  Load Region LR_IROM1 (Base: 0x08000000, Size: 0x00003ee4, Max: 0x00100000, ABSOLUTE)

    Execution Region ER_IROM1 (Exec base: 0x08000000, Load base: 0x08000000, Size: 0x00003ec4, Max: 0x00100000, ABSOLUTE)

    Exec Addr    Load Addr    Size         Type   Attr      Idx    E Section Name        Object

    0x08000000   0x08000000   0x00000188   Data   RO            3    RESET               startup_stm32l476xx.o
    0x08000188   0x08000188   0x00000008   Code   RO         3934  * !!!main             c_w.l(__main.o)
    0x08000190   0x08000190   0x00000034   Code   RO         4093    !!!scatter          c_w.l(__scatter.o)
    0x080001c4   0x080001c4   0x0000001a   Code   RO         4095    !!handler_copy      c_w.l(__scatter_copy.o)
    0x080001de   0x080001de   0x00000002   PAD
    0x080001e0   0x080001e0   0x0000001c   Code   RO         4097    !!handler_zi        c_w.l(__scatter_zi.o)
    0x080001fc   0x080001fc   0x00000002   Code   RO         3961    .ARM.Collect$$libinit$$00000000  c_w.l(libinit.o)
    0x080001fe   0x080001fe   0x00000004   Code   RO         3967    .ARM.Collect$$libinit$$00000001  c_w.l(libinit2.o)
    0x08000202   0x08000202   0x00000000   Code   RO         3970    .ARM.Collect$$libinit$$00000004  c_w.l(libinit2.o)
    0x08000202   0x08000202   0x00000000   Code   RO         3973    .ARM.Collect$$libinit$$0000000A  c_w.l(libinit2.o)
    0x08000202   0x08000202   0x00000000   Code   RO         3975    .ARM.Collect$$libinit$$0000000C  c_w.l(libinit2.o)
    0x08000202   0x08000202   0x00000000   Code   RO         3977    .ARM.Collect$$libinit$$0000000E  c_w.l(libinit2.o)
    0x08000202   0x08000202   0x00000000   Code   RO         3980    .ARM.Collect$$libinit$$00000011  c_w.l(libinit2.o)
    0x08000202   0x08000202   0x00000000   Code   RO         3982    .ARM.Collect$$libinit$$00000013  c_w.l(libinit2.o)
    0x08000202   0x08000202   0x00000000   Code   RO         3984    .ARM.Collect$$libinit$$00000015  c_w.l(libinit2.o)
    0x08000202   0x08000202   0x00000000   Code   RO         3986    .ARM.Collect$$libinit$$00000017  c_w.l(libinit2.o)
    0x08000202   0x08000202   0x00000000   Code   RO         3988    .ARM.Collect$$libinit$$00000019  c_w.l(libinit2.o)
    0x08000202   0x08000202   0x00000000   Code   RO         3990    .ARM.Collect$$libinit$$0000001B  c_w.l(libinit2.o)
    0x08000202   0x08000202   0x00000000   Code   RO         3992    .ARM.Collect$$libinit$$0000001D  c_w.l(libinit2.o)
    0x08000202   0x08000202   0x00000000   Code   RO         3994    .ARM.Collect$$libinit$$0000001F  c_w.l(libinit2.o)
    0x08000202   0x08000202   0x00000000   Code   RO         3996    .ARM.Collect$$libinit$$00000021  c_w.l(libinit2.o)
    0x08000202   0x08000202   0x00000000   Code   RO         3998    .ARM.Collect$$libinit$$00000023  c_w.l(libinit2.o)
    0x08000202   0x08000202   0x00000000   Code   RO         4000    .ARM.Collect$$libinit$$00000025  c_w.l(libinit2.o)
    0x08000202   0x08000202   0x00000000   Code   RO         4004    .ARM.Collect$$libinit$$0000002C  c_w.l(libinit2.o)
    0x08000202   0x08000202   0x00000000   Code   RO         4006    .ARM.Collect$$libinit$$0000002E  c_w.l(libinit2.o)
    0x08000202   0x08000202   0x00000000   Code   RO         4008    .ARM.Collect$$libinit$$00000030  c_w.l(libinit2.o)
    0x08000202   0x08000202   0x00000000   Code   RO         4010    .ARM.Collect$$libinit$$00000032  c_w.l(libinit2.o)
    0x08000202   0x08000202   0x00000002   Code   RO         4011    .ARM.Collect$$libinit$$00000033  c_w.l(libinit2.o)
    0x08000204   0x08000204   0x00000002   Code   RO         4031    .ARM.Collect$$libshutdown$$00000000  c_w.l(libshutdown.o)
    0x08000206   0x08000206   0x00000000   Code   RO         4044    .ARM.Collect$$libshutdown$$00000002  c_w.l(libshutdown2.o)
    0x08000206   0x08000206   0x00000000   Code   RO         4046    .ARM.Collect$$libshutdown$$00000004  c_w.l(libshutdown2.o)
    0x08000206   0x08000206   0x00000000   Code   RO         4048    .ARM.Collect$$libshutdown$$00000006  c_w.l(libshutdown2.o)
    0x08000206   0x08000206   0x00000000   Code   RO         4051    .ARM.Collect$$libshutdown$$00000009  c_w.l(libshutdown2.o)
    0x08000206   0x08000206   0x00000000   Code   RO         4054    .ARM.Collect$$libshutdown$$0000000C  c_w.l(libshutdown2.o)
    0x08000206   0x08000206   0x00000000   Code   RO         4056    .ARM.Collect$$libshutdown$$0000000E  c_w.l(libshutdown2.o)
    0x08000206   0x08000206   0x00000000   Code   RO         4059    .ARM.Collect$$libshutdown$$00000011  c_w.l(libshutdown2.o)
    0x08000206   0x08000206   0x00000002   Code   RO         4060    .ARM.Collect$$libshutdown$$00000012  c_w.l(libshutdown2.o)
    0x08000208   0x08000208   0x00000000   Code   RO         3936    .ARM.Collect$$rtentry$$00000000  c_w.l(__rtentry.o)
    0x08000208   0x08000208   0x00000000   Code   RO         3938    .ARM.Collect$$rtentry$$00000002  c_w.l(__rtentry2.o)
    0x08000208   0x08000208   0x00000006   Code   RO         3950    .ARM.Collect$$rtentry$$00000004  c_w.l(__rtentry4.o)
    0x0800020e   0x0800020e   0x00000000   Code   RO         3940    .ARM.Collect$$rtentry$$00000009  c_w.l(__rtentry2.o)
    0x0800020e   0x0800020e   0x00000004   Code   RO         3941    .ARM.Collect$$rtentry$$0000000A  c_w.l(__rtentry2.o)
    0x08000212   0x08000212   0x00000000   Code   RO         3943    .ARM.Collect$$rtentry$$0000000C  c_w.l(__rtentry2.o)
    0x08000212   0x08000212   0x00000008   Code   RO         3944    .ARM.Collect$$rtentry$$0000000D  c_w.l(__rtentry2.o)
    0x0800021a   0x0800021a   0x00000002   Code   RO         3965    .ARM.Collect$$rtexit$$00000000  c_w.l(rtexit.o)
    0x0800021c   0x0800021c   0x00000000   Code   RO         4013    .ARM.Collect$$rtexit$$00000002  c_w.l(rtexit2.o)
    0x0800021c   0x0800021c   0x00000004   Code   RO         4014    .ARM.Collect$$rtexit$$00000003  c_w.l(rtexit2.o)
    0x08000220   0x08000220   0x00000006   Code   RO         4015    .ARM.Collect$$rtexit$$00000004  c_w.l(rtexit2.o)
    0x08000226   0x08000226   0x00000002   PAD
    0x08000228   0x08000228   0x00000040   Code   RO            4    .text               startup_stm32l476xx.o
    0x08000268   0x08000268   0x0000004e   Code   RO         3930    .text               c_w.l(rt_memclr_w.o)
    0x080002b6   0x080002b6   0x00000006   Code   RO         3932    .text               c_w.l(heapauxi.o)
    0x080002bc   0x080002bc   0x0000004a   Code   RO         3952    .text               c_w.l(sys_stackheap_outer.o)
    0x08000306   0x08000306   0x00000012   Code   RO         3954    .text               c_w.l(exit.o)
    0x08000318   0x08000318   0x00000008   Code   RO         3962    .text               c_w.l(libspace.o)
    0x08000320   0x08000320   0x0000000c   Code   RO         4023    .text               c_w.l(sys_exit.o)
    0x0800032c   0x0800032c   0x00000002   Code   RO         4034    .text               c_w.l(use_no_semi.o)
    0x0800032e   0x0800032e   0x00000000   Code   RO         4036    .text               c_w.l(indicate_semi.o)
    0x0800032e   0x0800032e   0x00000002   Code   RO          207    i.BusFault_Handler  stm32l4xx_it.o
    0x08000330   0x08000330   0x00000002   Code   RO          208    i.DebugMon_Handler  stm32l4xx_it.o
    0x08000332   0x08000332   0x00000004   Code   RO           13    i.Error_Handler     main.o
    0x08000336   0x08000336   0x00000002   Code   RO          524    i.HAL_DACEx_DMAUnderrunCallbackCh2  stm32l4xx_hal_dac_ex.o
    0x08000338   0x08000338   0x00000044   Code   RO          529    i.HAL_DACEx_NoiseWaveGenerate  stm32l4xx_hal_dac_ex.o
    0x0800037c   0x0800037c   0x00000044   Code   RO          532    i.HAL_DACEx_TriangleWaveGenerate  stm32l4xx_hal_dac_ex.o
    0x080003c0   0x080003c0   0x0000014a   Code   RO          378    i.HAL_DAC_ConfigChannel  stm32l4xx_hal_dac.o
    0x0800050a   0x0800050a   0x00000002   Code   RO          381    i.HAL_DAC_DMAUnderrunCallbackCh1  stm32l4xx_hal_dac.o
    0x0800050c   0x0800050c   0x00000070   Code   RO          387    i.HAL_DAC_IRQHandler  stm32l4xx_hal_dac.o
    0x0800057c   0x0800057c   0x0000002a   Code   RO          388    i.HAL_DAC_Init      stm32l4xx_hal_dac.o
    0x080005a6   0x080005a6   0x00000002   PAD
    0x080005a8   0x080005a8   0x0000006c   Code   RO          302    i.HAL_DAC_MspInit   stm32l4xx_hal_msp.o
    0x08000614   0x08000614   0x00000068   Code   RO          392    i.HAL_DAC_Start     stm32l4xx_hal_dac.o
    0x0800067c   0x0800067c   0x0000004e   Code   RO         1919    i.HAL_DMA_Abort_IT  stm32l4xx_hal_dma.o
    0x080006ca   0x080006ca   0x00000006   Code   RO         1922    i.HAL_DMA_GetState  stm32l4xx_hal_dma.o
    0x080006d0   0x080006d0   0x00000028   Code   RO          628    i.HAL_Delay         stm32l4xx_hal.o
    0x080006f8   0x080006f8   0x0000027e   Code   RO         1854    i.HAL_GPIO_Init     stm32l4xx_hal_gpio.o
    0x08000976   0x08000976   0x0000000c   Code   RO         1858    i.HAL_GPIO_WritePin  stm32l4xx_hal_gpio.o
    0x08000982   0x08000982   0x00000002   PAD
    0x08000984   0x08000984   0x0000000c   Code   RO          632    i.HAL_GetTick       stm32l4xx_hal.o
    0x08000990   0x08000990   0x0000005a   Code   RO         1317    i.HAL_I2CEx_ConfigAnalogFilter  stm32l4xx_hal_i2c_ex.o
    0x080009ea   0x080009ea   0x00000056   Code   RO         1318    i.HAL_I2CEx_ConfigDigitalFilter  stm32l4xx_hal_i2c_ex.o
    0x08000a40   0x08000a40   0x00000002   Code   RO          855    i.HAL_I2C_AbortCpltCallback  stm32l4xx_hal_i2c.o
    0x08000a42   0x08000a42   0x00000002   Code   RO          856    i.HAL_I2C_AddrCallback  stm32l4xx_hal_i2c.o
    0x08000a44   0x08000a44   0x00000070   Code   RO          859    i.HAL_I2C_ER_IRQHandler  stm32l4xx_hal_i2c.o
    0x08000ab4   0x08000ab4   0x00000010   Code   RO          860    i.HAL_I2C_EV_IRQHandler  stm32l4xx_hal_i2c.o
    0x08000ac4   0x08000ac4   0x00000002   Code   RO          862    i.HAL_I2C_ErrorCallback  stm32l4xx_hal_i2c.o
    0x08000ac6   0x08000ac6   0x000000be   Code   RO          866    i.HAL_I2C_Init      stm32l4xx_hal_i2c.o
    0x08000b84   0x08000b84   0x00000002   Code   RO          868    i.HAL_I2C_ListenCpltCallback  stm32l4xx_hal_i2c.o
    0x08000b86   0x08000b86   0x00000002   PAD
    0x08000b88   0x08000b88   0x00000162   Code   RO          872    i.HAL_I2C_Master_Receive  stm32l4xx_hal_i2c.o
    0x08000cea   0x08000cea   0x00000002   PAD
    0x08000cec   0x08000cec   0x00000162   Code   RO          879    i.HAL_I2C_Master_Transmit  stm32l4xx_hal_i2c.o
    0x08000e4e   0x08000e4e   0x00000002   PAD
    0x08000e50   0x08000e50   0x000000a0   Code   RO          304    i.HAL_I2C_MspInit   stm32l4xx_hal_msp.o
    0x08000ef0   0x08000ef0   0x00000002   Code   RO          892    i.HAL_I2C_SlaveRxCpltCallback  stm32l4xx_hal_i2c.o
    0x08000ef2   0x08000ef2   0x00000002   Code   RO          893    i.HAL_I2C_SlaveTxCpltCallback  stm32l4xx_hal_i2c.o
    0x08000ef4   0x08000ef4   0x00000010   Code   RO          638    i.HAL_IncTick       stm32l4xx_hal.o
    0x08000f04   0x08000f04   0x0000001e   Code   RO          639    i.HAL_Init          stm32l4xx_hal.o
    0x08000f22   0x08000f22   0x00000002   PAD
    0x08000f24   0x08000f24   0x0000004c   Code   RO          640    i.HAL_InitTick      stm32l4xx_hal.o
    0x08000f70   0x08000f70   0x0000002c   Code   RO          305    i.HAL_MspInit       stm32l4xx_hal_msp.o
    0x08000f9c   0x08000f9c   0x0000001c   Code   RO         2401    i.HAL_NVIC_EnableIRQ  stm32l4xx_hal_cortex.o
    0x08000fb8   0x08000fb8   0x00000068   Code   RO         2407    i.HAL_NVIC_SetPriority  stm32l4xx_hal_cortex.o
    0x08001020   0x08001020   0x00000024   Code   RO         2408    i.HAL_NVIC_SetPriorityGrouping  stm32l4xx_hal_cortex.o
    0x08001044   0x08001044   0x00000074   Code   RO         2145    i.HAL_PWREx_ControlVoltageScaling  stm32l4xx_hal_pwr_ex.o
    0x080010b8   0x080010b8   0x00000010   Code   RO         2176    i.HAL_PWREx_GetVoltageRange  stm32l4xx_hal_pwr_ex.o
    0x080010c8   0x080010c8   0x000005cc   Code   RO         1484    i.HAL_RCCEx_GetPeriphCLKFreq  stm32l4xx_hal_rcc_ex.o
    0x08001694   0x08001694   0x0000040e   Code   RO         1487    i.HAL_RCCEx_PeriphCLKConfig  stm32l4xx_hal_rcc_ex.o
    0x08001aa2   0x08001aa2   0x00000002   PAD
    0x08001aa4   0x08001aa4   0x00000174   Code   RO         1372    i.HAL_RCC_ClockConfig  stm32l4xx_hal_rcc.o
    0x08001c18   0x08001c18   0x0000000c   Code   RO         1376    i.HAL_RCC_GetHCLKFreq  stm32l4xx_hal_rcc.o
    0x08001c24   0x08001c24   0x00000024   Code   RO         1378    i.HAL_RCC_GetPCLK1Freq  stm32l4xx_hal_rcc.o
    0x08001c48   0x08001c48   0x00000024   Code   RO         1379    i.HAL_RCC_GetPCLK2Freq  stm32l4xx_hal_rcc.o
    0x08001c6c   0x08001c6c   0x000000c0   Code   RO         1380    i.HAL_RCC_GetSysClockFreq  stm32l4xx_hal_rcc.o
    0x08001d2c   0x08001d2c   0x00000664   Code   RO         1383    i.HAL_RCC_OscConfig  stm32l4xx_hal_rcc.o
    0x08002390   0x08002390   0x000001e8   Code   RO         2611    i.HAL_SAI_Init      stm32l4xx_hal_sai.o
    0x08002578   0x08002578   0x00000088   Code   RO          307    i.HAL_SAI_MspInit   stm32l4xx_hal_msp.o
    0x08002600   0x08002600   0x00000152   Code   RO         2620    i.HAL_SAI_Transmit  stm32l4xx_hal_sai.o
    0x08002752   0x08002752   0x00000002   PAD
    0x08002754   0x08002754   0x00000028   Code   RO         2412    i.HAL_SYSTICK_Config  stm32l4xx_hal_cortex.o
    0x0800277c   0x0800277c   0x00000002   Code   RO         3608    i.HAL_TIMEx_Break2Callback  stm32l4xx_hal_tim_ex.o
    0x0800277e   0x0800277e   0x00000002   Code   RO         3609    i.HAL_TIMEx_BreakCallback  stm32l4xx_hal_tim_ex.o
    0x08002780   0x08002780   0x00000002   Code   RO         3610    i.HAL_TIMEx_CommutCallback  stm32l4xx_hal_tim_ex.o
    0x08002782   0x08002782   0x00000002   PAD
    0x08002784   0x08002784   0x0000009c   Code   RO         3630    i.HAL_TIMEx_MasterConfigSynchronization  stm32l4xx_hal_tim_ex.o
    0x08002820   0x08002820   0x00000064   Code   RO         2883    i.HAL_TIM_Base_Init  stm32l4xx_hal_tim.o
    0x08002884   0x08002884   0x0000003c   Code   RO          309    i.HAL_TIM_Base_MspInit  stm32l4xx_hal_msp.o
    0x080028c0   0x080028c0   0x00000002   Code   RO         2917    i.HAL_TIM_IC_CaptureCallback  stm32l4xx_hal_tim.o
    0x080028c2   0x080028c2   0x00000192   Code   RO         2931    i.HAL_TIM_IRQHandler  stm32l4xx_hal_tim.o
    0x08002a54   0x08002a54   0x00000002   Code   RO         2934    i.HAL_TIM_OC_DelayElapsedCallback  stm32l4xx_hal_tim.o
    0x08002a56   0x08002a56   0x00000002   Code   RO         2961    i.HAL_TIM_PWM_PulseFinishedCallback  stm32l4xx_hal_tim.o
    0x08002a58   0x08002a58   0x00000002   Code   RO         2969    i.HAL_TIM_PeriodElapsedCallback  stm32l4xx_hal_tim.o
    0x08002a5a   0x08002a5a   0x00000002   Code   RO         2974    i.HAL_TIM_TriggerCallback  stm32l4xx_hal_tim.o
    0x08002a5c   0x08002a5c   0x00000002   Code   RO          209    i.HardFault_Handler  stm32l4xx_it.o
    0x08002a5e   0x08002a5e   0x00000002   PAD
    0x08002a60   0x08002a60   0x0000000c   Code   RO          210    i.I2C1_ER_IRQHandler  stm32l4xx_it.o
    0x08002a6c   0x08002a6c   0x0000000c   Code   RO          211    i.I2C1_EV_IRQHandler  stm32l4xx_it.o
    0x08002a78   0x08002a78   0x00000016   Code   RO          905    i.I2C_DMAAbort      stm32l4xx_hal_i2c.o
    0x08002a8e   0x08002a8e   0x0000005e   Code   RO          911    i.I2C_Disable_IRQ   stm32l4xx_hal_i2c.o
    0x08002aec   0x08002aec   0x00000022   Code   RO          913    i.I2C_Flush_TXDR    stm32l4xx_hal_i2c.o
    0x08002b0e   0x08002b0e   0x000000ae   Code   RO          914    i.I2C_ITAddrCplt    stm32l4xx_hal_i2c.o
    0x08002bbc   0x08002bbc   0x0000010c   Code   RO          915    i.I2C_ITError       stm32l4xx_hal_i2c.o
    0x08002cc8   0x08002cc8   0x00000064   Code   RO          916    i.I2C_ITListenCplt  stm32l4xx_hal_i2c.o
    0x08002d2c   0x08002d2c   0x0000014c   Code   RO          919    i.I2C_ITSlaveCplt   stm32l4xx_hal_i2c.o
    0x08002e78   0x08002e78   0x00000076   Code   RO          920    i.I2C_ITSlaveSeqCplt  stm32l4xx_hal_i2c.o
    0x08002eee   0x08002eee   0x00000002   PAD
    0x08002ef0   0x08002ef0   0x0000009c   Code   RO          921    i.I2C_IsAcknowledgeFailed  stm32l4xx_hal_i2c.o
    0x08002f8c   0x08002f8c   0x0000013c   Code   RO          927    i.I2C_Slave_ISR_IT  stm32l4xx_hal_i2c.o
    0x080030c8   0x080030c8   0x00000034   Code   RO          928    i.I2C_TransferConfig  stm32l4xx_hal_i2c.o
    0x080030fc   0x080030fc   0x0000002a   Code   RO          929    i.I2C_TreatErrorCallback  stm32l4xx_hal_i2c.o
    0x08003126   0x08003126   0x0000006c   Code   RO          930    i.I2C_WaitOnFlagUntilTimeout  stm32l4xx_hal_i2c.o
    0x08003192   0x08003192   0x00000002   PAD
    0x08003194   0x08003194   0x000000a4   Code   RO          931    i.I2C_WaitOnRXNEFlagUntilTimeout  stm32l4xx_hal_i2c.o
    0x08003238   0x08003238   0x00000058   Code   RO          932    i.I2C_WaitOnSTOPFlagUntilTimeout  stm32l4xx_hal_i2c.o
    0x08003290   0x08003290   0x0000005e   Code   RO          933    i.I2C_WaitOnTXISFlagUntilTimeout  stm32l4xx_hal_i2c.o
    0x080032ee   0x080032ee   0x00000002   PAD
    0x080032f0   0x080032f0   0x000000d8   Code   RO           14    i.MX_DAC1_Init      main.o
    0x080033c8   0x080033c8   0x00000094   Code   RO           15    i.MX_GPIO_Init      main.o
    0x0800345c   0x0800345c   0x00000054   Code   RO           16    i.MX_I2C1_Init      main.o
    0x080034b0   0x080034b0   0x0000005c   Code   RO           17    i.MX_SAI1_Init      main.o
    0x0800350c   0x0800350c   0x00000002   Code   RO          212    i.MemManage_Handler  stm32l4xx_it.o
    0x0800350e   0x0800350e   0x00000002   Code   RO          213    i.NMI_Handler       stm32l4xx_it.o
    0x08003510   0x08003510   0x00000002   Code   RO          214    i.PendSV_Handler    stm32l4xx_it.o
    0x08003512   0x08003512   0x00000002   PAD
    0x08003514   0x08003514   0x0000010c   Code   RO         1490    i.RCCEx_GetSAIxPeriphCLKFreq  stm32l4xx_hal_rcc_ex.o
    0x08003620   0x08003620   0x00000160   Code   RO         1491    i.RCCEx_PLLSAI1_Config  stm32l4xx_hal_rcc_ex.o
    0x08003780   0x08003780   0x0000013c   Code   RO         1492    i.RCCEx_PLLSAI2_Config  stm32l4xx_hal_rcc_ex.o
    0x080038bc   0x080038bc   0x00000084   Code   RO         1384    i.RCC_SetFlashLatencyFromMSIRange  stm32l4xx_hal_rcc.o
    0x08003940   0x08003940   0x00000044   Code   RO         2631    i.SAI_Disable       stm32l4xx_hal_sai.o
    0x08003984   0x08003984   0x00000086   Code   RO         2632    i.SAI_FillFifo      stm32l4xx_hal_sai.o
    0x08003a0a   0x08003a0a   0x00000002   PAD
    0x08003a0c   0x08003a0c   0x00000198   Code   RO           18    i.SAI_PASSTHROUGH_INIT  main.o
    0x08003ba4   0x08003ba4   0x00000002   Code   RO          215    i.SVC_Handler       stm32l4xx_it.o
    0x08003ba6   0x08003ba6   0x00000004   Code   RO          216    i.SysTick_Handler   stm32l4xx_it.o
    0x08003baa   0x08003baa   0x0000005c   Code   RO           19    i.SystemClock_Config  main.o
    0x08003c06   0x08003c06   0x00000002   PAD
    0x08003c08   0x08003c08   0x0000003c   Code   RO         3894    i.SystemInit        system_stm32l4xx.o
    0x08003c44   0x08003c44   0x0000001c   Code   RO          217    i.TIM6_DAC_IRQHandler  stm32l4xx_it.o
    0x08003c60   0x08003c60   0x000000c8   Code   RO         2976    i.TIM_Base_SetConfig  stm32l4xx_hal_tim.o
    0x08003d28   0x08003d28   0x00000002   Code   RO          218    i.UsageFault_Handler  stm32l4xx_it.o
    0x08003d2a   0x08003d2a   0x00000002   PAD
    0x08003d2c   0x08003d2c   0x00000124   Code   RO           20    i.main              main.o
    0x08003e50   0x08003e50   0x0000000a   Code   RO         4021    x$fpl$fpinit        fz_wm.l(fpinit.o)
    0x08003e5a   0x08003e5a   0x00000002   PAD
    0x08003e5c   0x08003e5c   0x00000040   Data   RO         3895    .constdata          system_stm32l4xx.o
    0x08003e9c   0x08003e9c   0x00000008   Data   RO         3896    .constdata          system_stm32l4xx.o
    0x08003ea4   0x08003ea4   0x00000020   Data   RO         4091    Region$$Table       anon$$obj.o


    Execution Region RW_IRAM2 (Exec base: 0x10000000, Load base: 0x08003ee4, Size: 0x00000000, Max: 0x00008000, ABSOLUTE)

    **** No section assigned to this execution region ****


    Execution Region RW_IRAM1 (Exec base: 0x20000000, Load base: 0x08003ec4, Size: 0x000007b0, Max: 0x00018000, ABSOLUTE)

    Exec Addr    Load Addr    Size         Type   Attr      Idx    E Section Name        Object

    0x20000000   0x08003ec4   0x0000000a   Data   RW           34    .data               main.o
    0x2000000a   0x08003ece   0x00000002   PAD
    0x2000000c   0x08003ed0   0x00000004   Data   RW          310    .data               stm32l4xx_hal_msp.o
    0x20000010   0x08003ed4   0x0000000c   Data   RW          656    .data               stm32l4xx_hal.o
    0x2000001c   0x08003ee0   0x00000004   Data   RW         3897    .data               system_stm32l4xx.o
    0x20000020        -       0x00000130   Zero   RW           21    .bss                main.o
    0x20000150        -       0x00000060   Zero   RW         3963    .bss                c_w.l(libspace.o)
    0x200001b0        -       0x00000200   Zero   RW            2    HEAP                startup_stm32l476xx.o
    0x200003b0        -       0x00000400   Zero   RW            1    STACK               startup_stm32l476xx.o


==============================================================================

Image component sizes


      Code (inc. data)   RO Data    RW Data    ZI Data      Debug   Object Name

      1336        132          0         10        304     845968   main.o
        64         26        392          0       1536        840   startup_stm32l476xx.o
       174         24          0         12          0      14345   stm32l4xx_hal.o
       208         16          0          0          0      33543   stm32l4xx_hal_cortex.o
       590          0          0          0          0       4461   stm32l4xx_hal_dac.o
       138          0          0          0          0       2710   stm32l4xx_hal_dac_ex.o
        84          0          0          0          0       1614   stm32l4xx_hal_dma.o
       650         22          0          0          0       2584   stm32l4xx_hal_gpio.o
      3200         62          0          0          0      23158   stm32l4xx_hal_i2c.o
       176          0          0          0          0       1975   stm32l4xx_hal_i2c_ex.o
       508         54          0          4          0       3907   stm32l4xx_hal_msp.o
       132         18          0          0          0       1350   stm32l4xx_hal_pwr_ex.o
      2416         96          0          0          0       8608   stm32l4xx_hal_rcc.o
      3458         50          0          0          0      10121   stm32l4xx_hal_rcc_ex.o
      1028         34          0          0          0       4242   stm32l4xx_hal_sai.o
       712         32          0          0          0       5843   stm32l4xx_hal_tim.o
       162          8          0          0          0       3168   stm32l4xx_hal_tim_ex.o
        72         22          0          0          0       5558   stm32l4xx_it.o
        60          8         72          4          0       1193   system_stm32l4xx.o

    ----------------------------------------------------------------------
     15202        604        496         32       1840     975188   Object Totals
         0          0         32          0          0          0   (incl. Generated)
        34          0          0          2          0          0   (incl. Padding)

    ----------------------------------------------------------------------

      Code (inc. data)   RO Data    RW Data    ZI Data      Debug   Library Member Name

         8          0          0          0          0         68   __main.o
         0          0          0          0          0          0   __rtentry.o
        12          0          0          0          0          0   __rtentry2.o
         6          0          0          0          0          0   __rtentry4.o
        52          8          0          0          0          0   __scatter.o
        26          0          0          0          0          0   __scatter_copy.o
        28          0          0          0          0          0   __scatter_zi.o
        18          0          0          0          0         80   exit.o
         6          0          0          0          0        152   heapauxi.o
         0          0          0          0          0          0   indicate_semi.o
         2          0          0          0          0          0   libinit.o
         6          0          0          0          0          0   libinit2.o
         2          0          0          0          0          0   libshutdown.o
         2          0          0          0          0          0   libshutdown2.o
         8          4          0          0         96         68   libspace.o
        78          0          0          0          0         80   rt_memclr_w.o
         2          0          0          0          0          0   rtexit.o
        10          0          0          0          0          0   rtexit2.o
        12          4          0          0          0         68   sys_exit.o
        74          0          0          0          0         80   sys_stackheap_outer.o
         2          0          0          0          0         68   use_no_semi.o
        10          0          0          0          0        116   fpinit.o

    ----------------------------------------------------------------------
       370         16          0          0         96        780   Library Totals
         6          0          0          0          0          0   (incl. Padding)

    ----------------------------------------------------------------------

      Code (inc. data)   RO Data    RW Data    ZI Data      Debug   Library Name

       354         16          0          0         96        664   c_w.l
        10          0          0          0          0        116   fz_wm.l

    ----------------------------------------------------------------------
       370         16          0          0         96        780   Library Totals

    ----------------------------------------------------------------------

==============================================================================


      Code (inc. data)   RO Data    RW Data    ZI Data      Debug   

     15572        620        496         32       1936     965760   Grand Totals
     15572        620        496         32       1936     965760   ELF Image Totals
     15572        620        496         32          0          0   ROM Totals

==============================================================================

    Total RO  Size (Code + RO Data)                16068 (  15.69kB)
    Total RW  Size (RW Data + ZI Data)              1968 (   1.92kB)
    Total ROM Size (Code + RO Data + RW Data)      16100 (  15.72kB)

==============================================================================

